101.119.18.35 - - [19/Jun/2021:16:05:36 +0000] "GET /presentations/logstash-puppetconf-2012/images/xkcd-perlswing-many.png HTTP/1.1" 200 100207 "http://semicomplete.com/presentations/logstash-puppetconf-2012/" "Mozilla/5.0 (Linux; Android 4.4.2; Nexus 4 Build/KOT49H) AppleWebKit/537.36 (KHTML, like Gecko) Chrome/32.0.1700.99 Mobile Safari/537.36"
101.119.18.35 - - [19/Jun/2021:16:05:16 +0000] "GET /presentations/logstash-puppetconf-2012/images/lifecycle.png HTTP/1.1" 200 9618 "http://semicomplete.com/presentations/logstash-puppetconf-2012/" "Mozilla/5.0 (Linux; Android 4.4.2; Nexus 4 Build/KOT49H) AppleWebKit/537.36 (KHTML, like Gecko) Chrome/32.0.1700.99 Mobile Safari/537.36"
101.119.18.35 - - [19/Jun/2021:16:05:40 +0000] "GET /presentations/logstash-puppetconf-2012/images/kibana-chef-agent.png HTTP/1.1" 200 73187 "http://semicomplete.com/presentations/logstash-puppetconf-2012/" "Mozilla/5.0 (Linux; Android 4.4.2; Nexus 4 Build/KOT49H) AppleWebKit/537.36 (KHTML, like Gecko) Chrome/32.0.1700.99 Mobile Safari/537.36"
101.119.18.35 - - [19/Jun/2021:16:05:29 +0000] "GET /presentations/logstash-puppetconf-2012/images/trollface.png HTTP/1.1" 200 58123 "http://semicomplete.com/presentations/logstash-puppetconf-2012/" "Mozilla/5.0 (Linux; Android 4.4.2; Nexus 4 Build/KOT49H) AppleWebKit/537.36 (KHTML, like Gecko) Chrome/32.0.1700.99 Mobile Safari/537.36"
101.119.18.35 - - [19/Jun/2021:16:05:48 +0000] "GET /presentations/logstash-puppetconf-2012/images/computer-keyboard-jacket.jpg HTTP/1.1" 200 176805 "http://semicomplete.com/presentations/logstash-puppetconf-2012/" "Mozilla/5.0 (Linux; Android 4.4.2; Nexus 4 Build/KOT49H) AppleWebKit/537.36 (KHTML, like Gecko) Chrome/32.0.1700.99 Mobile Safari/537.36"
101.119.18.35 - - [19/Jun/2021:16:05:44 +0000] "GET /presentations/logstash-puppetconf-2012/images/kibana-logstash-downloads.png HTTP/1.1" 200 95058 "http://semicomplete.com/presentations/logstash-puppetconf-2012/" "Mozilla/5.0 (Linux; Android 4.4.2; Nexus 4 Build/KOT49H) AppleWebKit/537.36 (KHTML, like Gecko) Chrome/32.0.1700.99 Mobile Safari/537.36"
101.119.18.35 - - [19/Jun/2021:16:05:11 +0000] "GET /presentations/logstash-puppetconf-2012/images/kibana-chef-hits-6min-each.png HTTP/1.1" 200 80555 "http://semicomplete.com/presentations/logstash-puppetconf-2012/" "Mozilla/5.0 (Linux; Android 4.4.2; Nexus 4 Build/KOT49H) AppleWebKit/537.36 (KHTML, like Gecko) Chrome/32.0.1700.99 Mobile Safari/537.36"
101.119.18.35 - - [19/Jun/2021:16:05:14 +0000] "GET /presentations/logstash-puppetconf-2012/images/psychoaxe.jpg HTTP/1.1" 200 29179 "http://semicomplete.com/presentations/logstash-puppetconf-2012/" "Mozilla/5.0 (Linux; Android 4.4.2; Nexus 4 Build/KOT49H) AppleWebKit/537.36 (KHTML, like Gecko) Chrome/32.0.1700.99 Mobile Safari/537.36"
101.119.18.35 - - [19/Jun/2021:16:05:50 +0000] "GET /presentations/logstash-puppetconf-2012/images/stats-negative-min.png HTTP/1.1" 200 46139 "http://semicomplete.com/presentations/logstash-puppetconf-2012/" "Mozilla/5.0 (Linux; Android 4.4.2; Nexus 4 Build/KOT49H) AppleWebKit/537.36 (KHTML, like Gecko) Chrome/32.0.1700.99 Mobile Safari/537.36"
101.119.18.35 - - [19/Jun/2021:16:05:44 +0000] "GET /presentations/logstash-puppetconf-2012/css/print.css HTTP/1.1" 200 3995 "http://semicomplete.com/presentations/logstash-puppetconf-2012/" "Mozilla/5.0 (Linux; Android 4.4.2; Nexus 4 Build/KOT49H) AppleWebKit/537.36 (KHTML, like Gecko) Chrome/32.0.1700.99 Mobile Safari/537.36"
101.119.18.35 - - [19/Jun/2021:16:05:22 +0000] "GET /presentations/logstash-puppetconf-2012/images/apache-negative-duration.png HTTP/1.1" 200 97173 "http://semicomplete.com/presentations/logstash-puppetconf-2012/" "Mozilla/5.0 (Linux; Android 4.4.2; Nexus 4 Build/KOT49H) AppleWebKit/537.36 (KHTML, like Gecko) Chrome/32.0.1700.99 Mobile Safari/537.36"
101.119.18.35 - - [19/Jun/2021:16:05:56 +0000] "GET /presentations/logstash-puppetconf-2012/images/logs.jpg HTTP/1.1" 200 663847 "http://semicomplete.com/presentations/logstash-puppetconf-2012/" "Mozilla/5.0 (Linux; Android 4.4.2; Nexus 4 Build/KOT49H) AppleWebKit/537.36 (KHTML, like Gecko) Chrome/32.0.1700.99 Mobile Safari/537.36"
101.119.18.35 - - [19/Jun/2021:16:05:01 +0000] "GET /favicon.ico HTTP/1.1" 200 3638 "-" "Mozilla/5.0 (Linux; Android 4.4.2; Nexus 4 Build/KOT49H) AppleWebKit/537.36 (KHTML, like Gecko) Chrome/32.0.1700.99 Mobile Safari/537.36"
31.35.64.245 - - [19/Jun/2021:16:05:43 +0000] "GET /blog/geekery/xvfb-firefox.html HTTP/1.1" 200 10975 "https://www.google.fr/" "Mozilla/5.0 (Linux; Android 4.3; SM-N9005 Build/JSS15J) AppleWebKit/537.36 (KHTML, like Gecko) Chrome/32.0.1700.99 Mobile Safari/537.36"
31.35.64.245 - - [19/Jun/2021:16:05:03 +0000] "GET /reset.css HTTP/1.1" 200 1015 "http://www.semicomplete.com/blog/geekery/xvfb-firefox.html" "Mozilla/5.0 (Linux; Android 4.3; SM-N9005 Build/JSS15J) AppleWebKit/537.36 (KHTML, like Gecko) Chrome/32.0.1700.99 Mobile Safari/537.36"
31.35.64.245 - - [19/Jun/2021:16:05:38 +0000] "GET /style2.css HTTP/1.1" 200 4877 "http://www.semicomplete.com/blog/geekery/xvfb-firefox.html" "Mozilla/5.0 (Linux; Android 4.3; SM-N9005 Build/JSS15J) AppleWebKit/537.36 (KHTML, like Gecko) Chrome/32.0.1700.99 Mobile Safari/537.36"
31.35.64.245 - - [19/Jun/2021:16:05:21 +0000] "GET /images/jordan-80.png HTTP/1.1" 200 6146 "http://www.semicomplete.com/blog/geekery/xvfb-firefox.html" "Mozilla/5.0 (Linux; Android 4.3; SM-N9005 Build/JSS15J) AppleWebKit/537.36 (KHTML, like Gecko) Chrome/32.0.1700.99 Mobile Safari/537.36"
31.35.64.245 - - [19/Jun/2021:16:05:07 +0000] "GET /images/web/2009/banner.png HTTP/1.1" 200 52315 "http://www.semicomplete.com/blog/geekery/xvfb-firefox.html" "Mozilla/5.0 (Linux; Android 4.3; SM-N9005 Build/JSS15J) AppleWebKit/537.36 (KHTML, like Gecko) Chrome/32.0.1700.99 Mobile Safari/537.36"
31.35.64.245 - - [19/Jun/2021:16:05:47 +0000] "GET /favicon.ico HTTP/1.1" 200 3638 "-" "Mozilla/5.0 (Linux; Android 4.3; SM-N9005 Build/JSS15J) AppleWebKit/537.36 (KHTML, like Gecko) Chrome/32.0.1700.99 Mobile Safari/537.36"
46.105.14.53 - - [19/Jun/2021:16:05:09 +0000] "GET /blog/tags/puppet?flav=rss20 HTTP/1.1" 200 14872 "-" "UniversalFeedParser/4.2-pre-314-svn +http://feedparser.org/"
66.249.73.135 - - [19/Jun/2021:16:05:33 +0000] "GET /?flav=atom HTTP/1.1" 200 32352 "-" "Mozilla/5.0 (compatible; Googlebot/2.1; +http://www.google.com/bot.html)"
196.196.16.139 - - [19/Jun/2021:16:05:01 +0000] "GET /blog/geekery/show-headers-in-get-request.html HTTP/1.0" 200 10538 "http://www.semicomplete.com/blog/geekery/show-headers-in-get-request.html" "Mozilla/5.0 (Windows; U; Windows NT 5.1; pl; rv:1.9.1.3) Gecko/20090824 Firefox/3.5.3"
86.103.158.181 - - [19/Jun/2021:16:05:40 +0000] "GET /favicon.ico HTTP/1.1" 200 3638 "-" "Mozilla/5.0 (X11; Ubuntu; Linux x86_64; rv:27.0) Gecko/20100101 Firefox/27.0"
66.249.73.135 - - [19/Jun/2021:16:05:41 +0000] "GET / HTTP/1.1" 200 37932 "-" "DoCoMo/2.0 N905i(c100;TB;W24H16) (compatible; Googlebot-Mobile/2.1; +http://www.google.com/bot.html)"
62.50.6.113 - - [19/Jun/2021:16:05:56 +0000] "GET /blog/geekery/rspec-for-nagios-monitoring.html HTTP/1.1" 200 11805 "-" "Mozilla/5.0 (Windows NT 5.1; WOW64; rv:27.0) Gecko/20100101 Firefox/27.0"
62.50.6.113 - - [19/Jun/2021:16:05:06 +0000] "GET /reset.css HTTP/1.1" 200 1015 "http://www.semicomplete.com/blog/geekery/rspec-for-nagios-monitoring.html" "Mozilla/5.0 (Windows NT 5.1; WOW64; rv:27.0) Gecko/20100101 Firefox/27.0"
62.50.6.113 - - [19/Jun/2021:16:05:14 +0000] "GET /style2.css HTTP/1.1" 200 4877 "http://www.semicomplete.com/blog/geekery/rspec-for-nagios-monitoring.html" "Mozilla/5.0 (Windows NT 5.1; WOW64; rv:27.0) Gecko/20100101 Firefox/27.0"
62.50.6.113 - - [19/Jun/2021:16:05:09 +0000] "GET /favicon.ico HTTP/1.1" 200 3638 "-" "Mozilla/5.0 (Windows NT 5.1; WOW64; rv:27.0) Gecko/20100101 Firefox/27.0"
62.50.6.113 - - [19/Jun/2021:16:05:15 +0000] "GET /images/jordan-80.png HTTP/1.1" 200 6146 "http://www.semicomplete.com/blog/geekery/rspec-for-nagios-monitoring.html" "Mozilla/5.0 (Windows NT 5.1; WOW64; rv:27.0) Gecko/20100101 Firefox/27.0"
62.50.6.113 - - [19/Jun/2021:16:05:22 +0000] "GET /images/web/2009/banner.png HTTP/1.1" 200 52315 "http://www.semicomplete.com/style2.css" "Mozilla/5.0 (Windows NT 5.1; WOW64; rv:27.0) Gecko/20100101 Firefox/27.0"
67.220.144.83 - - [19/Jun/2021:16:05:04 +0000] "GET /presentations/logstash-puppetconf-2012/ HTTP/1.1" 200 37269 "http://semicomplete.com/" "Mozilla/5.0 (Macintosh; Intel Mac OS X 10.7; rv:22.0) Gecko/20100101 Firefox/22.0"
67.220.144.83 - - [19/Jun/2021:16:05:26 +0000] "GET /presentations/puppet-at-loggly/puppet-at-loggly.pdf.html HTTP/1.1" 200 24747 "http://semicomplete.com/" "Mozilla/5.0 (Macintosh; Intel Mac OS X 10.7; rv:22.0) Gecko/20100101 Firefox/22.0"
46.105.14.53 - - [19/Jun/2021:16:05:22 +0000] "GET /blog/tags/puppet?flav=rss20 HTTP/1.1" 200 14872 "-" "UniversalFeedParser/4.2-pre-314-svn +http://feedparser.org/"
208.115.111.72 - - [19/Jun/2021:16:05:31 +0000] "GET /robots.txt HTTP/1.1" 200 - "-" "Mozilla/5.0 (compatible; Ezooms/1.0; help@moz.com)"
74.125.19.82 - - [19/Jun/2021:16:05:39 +0000] "GET /?flav=rss20 HTTP/1.1" 200 29941 "-" "FeedBurner/1.0 (http://www.FeedBurner.com)"
130.243.172.179 - - [19/Jun/2021:16:05:24 +0000] "GET /blog/tags/zsh HTTP/1.1" 200 16958 "http://r.duckduckgo.com/l/?kh=-1&uddg=http%3A%2F%2Fwww.semicomplete.com%2Fblog%2Ftags%2Fzsh" "Mozilla/5.0 (Macintosh; Intel Mac OS X 10.8; rv:27.0) Gecko/20100101 Firefox/27.0"
130.243.172.179 - - [19/Jun/2021:16:05:07 +0000] "GET /reset.css HTTP/1.1" 200 1015 "http://www.semicomplete.com/blog/tags/zsh" "Mozilla/5.0 (Macintosh; Intel Mac OS X 10.8; rv:27.0) Gecko/20100101 Firefox/27.0"
130.243.172.179 - - [19/Jun/2021:16:05:04 +0000] "GET /favicon.ico HTTP/1.1" 200 3638 "-" "Mozilla/5.0 (Macintosh; Intel Mac OS X 10.8; rv:27.0) Gecko/20100101 Firefox/27.0"
130.243.172.179 - - [19/Jun/2021:16:05:24 +0000] "GET /style2.css HTTP/1.1" 200 4877 "http://www.semicomplete.com/blog/tags/zsh" "Mozilla/5.0 (Macintosh; Intel Mac OS X 10.8; rv:27.0) Gecko/20100101 Firefox/27.0"
130.243.172.179 - - [19/Jun/2021:16:05:54 +0000] "GET /images/jordan-80.png HTTP/1.1" 200 6146 "http://www.semicomplete.com/blog/tags/zsh" "Mozilla/5.0 (Macintosh; Intel Mac OS X 10.8; rv:27.0) Gecko/20100101 Firefox/27.0"
130.243.172.179 - - [19/Jun/2021:16:05:21 +0000] "GET /files/blogposts/20091227/pretty-xterm-thumb.png HTTP/1.1" 200 6057 "http://www.semicomplete.com/blog/tags/zsh" "Mozilla/5.0 (Macintosh; Intel Mac OS X 10.8; rv:27.0) Gecko/20100101 Firefox/27.0"
130.243.172.179 - - [19/Jun/2021:16:05:19 +0000] "GET /files/blogposts/20091227/screen-titles.png HTTP/1.1" 200 2029 "http://www.semicomplete.com/blog/tags/zsh" "Mozilla/5.0 (Macintosh; Intel Mac OS X 10.8; rv:27.0) Gecko/20100101 Firefox/27.0"
130.243.172.179 - - [19/Jun/2021:16:05:58 +0000] "GET /images/web/2009/banner.png HTTP/1.1" 200 52315 "http://www.semicomplete.com/style2.css" "Mozilla/5.0 (Macintosh; Intel Mac OS X 10.8; rv:27.0) Gecko/20100101 Firefox/27.0"
115.112.233.75 - - [19/Jun/2021:16:05:33 +0000] "GET /presentations/logstash-puppetconf-2012/ HTTP/1.1" 200 37269 "http://logstash.net/docs/1.3.3/learn" "Mozilla/5.0 (Windows NT 6.1; WOW64; rv:27.0) Gecko/20100101 Firefox/27.0"
115.112.233.75 - - [19/Jun/2021:16:05:48 +0000] "GET /presentations/logstash-puppetconf-2012/css/reset.css HTTP/1.1" 200 1382 "http://semicomplete.com/presentations/logstash-puppetconf-2012/" "Mozilla/5.0 (Windows NT 6.1; WOW64; rv:27.0) Gecko/20100101 Firefox/27.0"
115.112.233.75 - - [19/Jun/2021:16:05:42 +0000] "GET /presentations/logstash-puppetconf-2012/lib/css/zenburn.css HTTP/1.1" 200 1791 "http://semicomplete.com/presentations/logstash-puppetconf-2012/" "Mozilla/5.0 (Windows NT 6.1; WOW64; rv:27.0) Gecko/20100101 Firefox/27.0"
115.112.233.75 - - [19/Jun/2021:16:05:33 +0000] "GET /presentations/logstash-puppetconf-2012/css/preso.css HTTP/1.1" 200 659 "http://semicomplete.com/presentations/logstash-puppetconf-2012/" "Mozilla/5.0 (Windows NT 6.1; WOW64; rv:27.0) Gecko/20100101 Firefox/27.0"
115.112.233.75 - - [19/Jun/2021:16:05:43 +0000] "GET /presentations/logstash-puppetconf-2012/css/print.css HTTP/1.1" 200 3995 "http://semicomplete.com/presentations/logstash-puppetconf-2012/" "Mozilla/5.0 (Windows NT 6.1; WOW64; rv:27.0) Gecko/20100101 Firefox/27.0"
115.112.233.75 - - [19/Jun/2021:16:05:14 +0000] "GET /presentations/logstash-puppetconf-2012/css/main.css HTTP/1.1" 200 26498 "http://semicomplete.com/presentations/logstash-puppetconf-2012/" "Mozilla/5.0 (Windows NT 6.1; WOW64; rv:27.0) Gecko/20100101 Firefox/27.0"
115.112.233.75 - - [19/Jun/2021:16:05:51 +0000] "GET /presentations/logstash-puppetconf-2012/lib/js/head.min.js HTTP/1.1" 200 3170 "http://semicomplete.com/presentations/logstash-puppetconf-2012/" "Mozilla/5.0 (Windows NT 6.1; WOW64; rv:27.0) Gecko/20100101 Firefox/27.0"
115.112.233.75 - - [19/Jun/2021:16:05:10 +0000] "GET /presentations/logstash-puppetconf-2012/images/logstash.png HTTP/1.1" 200 47731 "http://semicomplete.com/presentations/logstash-puppetconf-2012/" "Mozilla/5.0 (Windows NT 6.1; WOW64; rv:27.0) Gecko/20100101 Firefox/27.0"
115.112.233.75 - - [19/Jun/2021:16:05:23 +0000] "GET /presentations/logstash-puppetconf-2012/images/nagios-sms1.png HTTP/1.1" 200 55478 "http://semicomplete.com/presentations/logstash-puppetconf-2012/" "Mozilla/5.0 (Windows NT 6.1; WOW64; rv:27.0) Gecko/20100101 Firefox/27.0"
115.112.233.75 - - [19/Jun/2021:16:05:10 +0000] "GET /presentations/logstash-puppetconf-2012/images/nagios-sms3.png HTTP/1.1" 200 65917 "http://semicomplete.com/presentations/logstash-puppetconf-2012/" "Mozilla/5.0 (Windows NT 6.1; WOW64; rv:27.0) Gecko/20100101 Firefox/27.0"
115.112.233.75 - - [19/Jun/2021:16:05:48 +0000] "GET /presentations/logstash-puppetconf-2012/images/nagios-sms2.png HTTP/1.1" 200 60656 "http://semicomplete.com/presentations/logstash-puppetconf-2012/" "Mozilla/5.0 (Windows NT 6.1; WOW64; rv:27.0) Gecko/20100101 Firefox/27.0"
115.112.233.75 - - [19/Jun/2021:16:05:32 +0000] "GET /presentations/logstash-puppetconf-2012/images/sysadvent.png HTTP/1.1" 200 108497 "http://semicomplete.com/presentations/logstash-puppetconf-2012/" "Mozilla/5.0 (Windows NT 6.1; WOW64; rv:27.0) Gecko/20100101 Firefox/27.0"
115.112.233.75 - - [19/Jun/2021:16:05:40 +0000] "GET /presentations/logstash-puppetconf-2012/js/reveal.js HTTP/1.1" 200 29108 "http://semicomplete.com/presentations/logstash-puppetconf-2012/" "Mozilla/5.0 (Windows NT 6.1; WOW64; rv:27.0) Gecko/20100101 Firefox/27.0"
115.112.233.75 - - [19/Jun/2021:16:05:32 +0000] "GET /presentations/logstash-puppetconf-2012/images/nagios-sms4.png HTTP/1.1" 200 72949 "http://semicomplete.com/presentations/logstash-puppetconf-2012/" "Mozilla/5.0 (Windows NT 6.1; WOW64; rv:27.0) Gecko/20100101 Firefox/27.0"
115.112.233.75 - - [19/Jun/2021:16:05:16 +0000] "GET /presentations/logstash-puppetconf-2012/images/office-space-printer-beat-down-gif.gif HTTP/1.1" 404 364 "http://semicomplete.com/presentations/logstash-puppetconf-2012/" "Mozilla/5.0 (Windows NT 6.1; WOW64; rv:27.0) Gecko/20100101 Firefox/27.0"
115.112.233.75 - - [19/Jun/2021:16:05:26 +0000] "GET /presentations/logstash-puppetconf-2012/images/nagios-sms6.png HTTP/1.1" 200 82859 "http://semicomplete.com/presentations/logstash-puppetconf-2012/" "Mozilla/5.0 (Windows NT 6.1; WOW64; rv:27.0) Gecko/20100101 Firefox/27.0"
115.112.233.75 - - [19/Jun/2021:16:05:42 +0000] "GET /presentations/logstash-puppetconf-2012/images/nagios-sms5.png HTTP/1.1" 200 78075 "http://semicomplete.com/presentations/logstash-puppetconf-2012/" "Mozilla/5.0 (Windows NT 6.1; WOW64; rv:27.0) Gecko/20100101 Firefox/27.0"
115.112.233.75 - - [19/Jun/2021:16:05:52 +0000] "GET /presentations/logstash-puppetconf-2012/images/frontend-response-codes.png HTTP/1.1" 200 52878 "http://semicomplete.com/presentations/logstash-puppetconf-2012/" "Mozilla/5.0 (Windows NT 6.1; WOW64; rv:27.0) Gecko/20100101 Firefox/27.0"
115.112.233.75 - - [19/Jun/2021:16:05:23 +0000] "GET /presentations/logstash-puppetconf-2012/images/xkcd-perl.png HTTP/1.1" 200 80663 "http://semicomplete.com/presentations/logstash-puppetconf-2012/" "Mozilla/5.0 (Windows NT 6.1; WOW64; rv:27.0) Gecko/20100101 Firefox/27.0"
115.112.233.75 - - [19/Jun/2021:16:05:37 +0000] "GET /presentations/logstash-puppetconf-2012/images/lifecycle.png HTTP/1.1" 200 9618 "http://semicomplete.com/presentations/logstash-puppetconf-2012/" "Mozilla/5.0 (Windows NT 6.1; WOW64; rv:27.0) Gecko/20100101 Firefox/27.0"
115.112.233.75 - - [19/Jun/2021:16:05:53 +0000] "GET /presentations/logstash-puppetconf-2012/images/xkcd-perlswing-many.png HTTP/1.1" 200 100207 "http://semicomplete.com/presentations/logstash-puppetconf-2012/" "Mozilla/5.0 (Windows NT 6.1; WOW64; rv:27.0) Gecko/20100101 Firefox/27.0"
115.112.233.75 - - [19/Jun/2021:16:05:50 +0000] "GET /presentations/logstash-puppetconf-2012/images/computer-keyboard-jacket.jpg HTTP/1.1" 200 176805 "http://semicomplete.com/presentations/logstash-puppetconf-2012/" "Mozilla/5.0 (Windows NT 6.1; WOW64; rv:27.0) Gecko/20100101 Firefox/27.0"
115.112.233.75 - - [19/Jun/2021:16:05:54 +0000] "GET /presentations/logstash-puppetconf-2012/images/kibana-logstash-downloads.png HTTP/1.1" 200 95058 "http://semicomplete.com/presentations/logstash-puppetconf-2012/" "Mozilla/5.0 (Windows NT 6.1; WOW64; rv:27.0) Gecko/20100101 Firefox/27.0"
115.112.233.75 - - [19/Jun/2021:16:05:18 +0000] "GET /presentations/logstash-puppetconf-2012/images/kibana-chef-agent.png HTTP/1.1" 200 73187 "http://semicomplete.com/presentations/logstash-puppetconf-2012/" "Mozilla/5.0 (Windows NT 6.1; WOW64; rv:27.0) Gecko/20100101 Firefox/27.0"
115.112.233.75 - - [19/Jun/2021:16:05:10 +0000] "GET /presentations/logstash-puppetconf-2012/images/logs.jpg HTTP/1.1" 200 663847 "http://semicomplete.com/presentations/logstash-puppetconf-2012/" "Mozilla/5.0 (Windows NT 6.1; WOW64; rv:27.0) Gecko/20100101 Firefox/27.0"
115.112.233.75 - - [19/Jun/2021:16:05:00 +0000] "GET /presentations/logstash-puppetconf-2012/images/kibana-chef-hits-6min-each.png HTTP/1.1" 200 80555 "http://semicomplete.com/presentations/logstash-puppetconf-2012/" "Mozilla/5.0 (Windows NT 6.1; WOW64; rv:27.0) Gecko/20100101 Firefox/27.0"
115.112.233.75 - - [19/Jun/2021:16:05:41 +0000] "GET /presentations/logstash-puppetconf-2012/images/trollface.png HTTP/1.1" 200 58123 "http://semicomplete.com/presentations/logstash-puppetconf-2012/" "Mozilla/5.0 (Windows NT 6.1; WOW64; rv:27.0) Gecko/20100101 Firefox/27.0"
115.112.233.75 - - [19/Jun/2021:16:05:40 +0000] "GET /presentations/logstash-puppetconf-2012/images/psychoaxe.jpg HTTP/1.1" 200 29179 "http://semicomplete.com/presentations/logstash-puppetconf-2012/" "Mozilla/5.0 (Windows NT 6.1; WOW64; rv:27.0) Gecko/20100101 Firefox/27.0"
115.112.233.75 - - [19/Jun/2021:16:05:39 +0000] "GET /presentations/logstash-puppetconf-2012/images/stats-negative-min.png HTTP/1.1" 200 46139 "http://semicomplete.com/presentations/logstash-puppetconf-2012/" "Mozilla/5.0 (Windows NT 6.1; WOW64; rv:27.0) Gecko/20100101 Firefox/27.0"
115.112.233.75 - - [19/Jun/2021:16:05:07 +0000] "GET /presentations/logstash-puppetconf-2012/images/apache-negative-duration.png HTTP/1.1" 200 97173 "http://semicomplete.com/presentations/logstash-puppetconf-2012/" "Mozilla/5.0 (Windows NT 6.1; WOW64; rv:27.0) Gecko/20100101 Firefox/27.0"
115.112.233.75 - - [19/Jun/2021:16:05:23 +0000] "GET /presentations/logstash-puppetconf-2012/lib/font/league_gothic-webfont.ttf HTTP/1.1" 200 42324 "http://semicomplete.com/presentations/logstash-puppetconf-2012/css/main.css" "Mozilla/5.0 (Windows NT 6.1; WOW64; rv:27.0) Gecko/20100101 Firefox/27.0"
130.243.172.179 - - [19/Jun/2021:16:05:57 +0000] "GET /files/blogposts/20091227/zsh-titles HTTP/1.1" 200 1759 "http://www.semicomplete.com/blog/tags/zsh" "Mozilla/5.0 (Macintosh; Intel Mac OS X 10.8; rv:27.0) Gecko/20100101 Firefox/27.0"
37.115.186.244 - - [19/Jun/2021:16:05:48 +0000] "GET /blog/tags/X11 HTTP/1.0" 200 32742 "http://www.semicomplete.com/blog/tags/X11" "Opera/9.80 (Windows NT 6.1; MRA 6.0 (build 6001)) Presto/2.12.388 Version/12.10"
115.112.233.75 - - [19/Jun/2021:16:05:35 +0000] "GET /presentations/logstash-puppetconf-2012/images/pc-load-letter.jpg HTTP/1.1" 200 71808 "http://semicomplete.com/presentations/logstash-puppetconf-2012/" "Mozilla/5.0 (Windows NT 6.1; WOW64; rv:27.0) Gecko/20100101 Firefox/27.0"
117.195.177.223 - - [19/Jun/2021:16:05:23 +0000] "GET /blog/geekery/ssl-latency.html HTTP/1.1" 200 17147 "http://www.mqseries.net/phpBB2/viewtopic.php?t=61911&sid=1870a4fabc29514f20e5ea569bec41f7" "Mozilla/5.0 (Windows NT 6.1; rv:27.0) Gecko/20100101 Firefox/27.0"
107.170.41.69 - - [19/Jun/2021:16:05:42 +0000] "GET /?flav=atom HTTP/1.1" 200 32352 "-" "Feedbin - 1 subscribers"
117.195.177.223 - - [19/Jun/2021:16:05:08 +0000] "GET /style2.css HTTP/1.1" 200 4877 "http://www.semicomplete.com/blog/geekery/ssl-latency.html" "Mozilla/5.0 (Windows NT 6.1; rv:27.0) Gecko/20100101 Firefox/27.0"
117.195.177.223 - - [19/Jun/2021:16:05:50 +0000] "GET /favicon.ico HTTP/1.1" 200 3638 "-" "Mozilla/5.0 (Windows NT 6.1; rv:27.0) Gecko/20100101 Firefox/27.0"
117.195.177.223 - - [19/Jun/2021:16:05:08 +0000] "GET /reset.css HTTP/1.1" 200 1015 "http://www.semicomplete.com/blog/geekery/ssl-latency.html" "Mozilla/5.0 (Windows NT 6.1; rv:27.0) Gecko/20100101 Firefox/27.0"
117.195.177.223 - - [19/Jun/2021:16:05:24 +0000] "GET /images/jordan-80.png HTTP/1.1" 200 6146 "http://www.semicomplete.com/blog/geekery/ssl-latency.html" "Mozilla/5.0 (Windows NT 6.1; rv:27.0) Gecko/20100101 Firefox/27.0"
117.195.177.223 - - [19/Jun/2021:17:05:07 +0000] "GET /images/web/2009/banner.png HTTP/1.1" 200 52315 "http://www.semicomplete.com/style2.css" "Mozilla/5.0 (Windows NT 6.1; rv:27.0) Gecko/20100101 Firefox/27.0"
198.20.79.140 - - [19/Jun/2021:17:05:19 +0000] "GET /presentations/logstash-metrics-sf-2012.10/ HTTP/1.0" 200 18729 "http://semicomplete.com/" "Mozilla/5.0 (Macintosh; Intel Mac OS X 10.7; rv:22.0) Gecko/20100101 Firefox/22.0"
198.20.79.140 - - [19/Jun/2021:17:05:56 +0000] "GET /presentations/logstash-metrics-sf-2012.10/ HTTP/1.0" 200 18729 "http://semicomplete.com/" "Mozilla/5.0 (Macintosh; Intel Mac OS X 10.7; rv:22.0) Gecko/20100101 Firefox/22.0"
182.64.207.187 - - [19/Jun/2021:17:05:22 +0000] "GET /projects/xdotool/xdotool.xhtml HTTP/1.1" 200 50112 "https://www.google.co.in/" "Mozilla/5.0 (X11; Linux x86_64) AppleWebKit/537.36 (KHTML, like Gecko) Chrome/32.0.1700.77 Safari/537.36"
182.64.207.187 - - [19/Jun/2021:17:05:56 +0000] "GET /favicon.ico HTTP/1.1" 200 3638 "-" "Mozilla/5.0 (X11; Linux x86_64) AppleWebKit/537.36 (KHTML, like Gecko) Chrome/32.0.1700.77 Safari/537.36"
220.245.217.154 - - [19/Jun/2021:17:05:20 +0000] "GET /projects/xdotool/ HTTP/1.1" 200 12292 "-" "Mozilla/5.0 (Android; Mobile; rv:28.0) Gecko/28.0 Firefox/28.0"
220.245.217.154 - - [19/Jun/2021:17:05:36 +0000] "GET /reset.css HTTP/1.1" 200 1015 "http://www.semicomplete.com/projects/xdotool/" "Mozilla/5.0 (Android; Mobile; rv:28.0) Gecko/28.0 Firefox/28.0"
220.245.217.154 - - [19/Jun/2021:17:05:27 +0000] "GET /style2.css HTTP/1.1" 200 4877 "http://www.semicomplete.com/projects/xdotool/" "Mozilla/5.0 (Android; Mobile; rv:28.0) Gecko/28.0 Firefox/28.0"
220.245.217.154 - - [19/Jun/2021:17:05:25 +0000] "GET /images/jordan-80.png HTTP/1.1" 200 6146 "http://www.semicomplete.com/projects/xdotool/" "Mozilla/5.0 (Android; Mobile; rv:28.0) Gecko/28.0 Firefox/28.0"
220.245.217.154 - - [19/Jun/2021:17:05:07 +0000] "GET /images/web/2009/banner.png HTTP/1.1" 200 52315 "http://www.semicomplete.com/style2.css" "Mozilla/5.0 (Android; Mobile; rv:28.0) Gecko/28.0 Firefox/28.0"
220.245.217.154 - - [19/Jun/2021:17:05:03 +0000] "GET /favicon.ico HTTP/1.1" 200 3638 "-" "Mozilla/5.0 (Android; Mobile; rv:28.0) Gecko/28.0 Firefox/28.0"
115.112.233.75 - - [19/Jun/2021:17:05:50 +0000] "GET /favicon.ico HTTP/1.1" 200 3638 "-" "Mozilla/5.0 (Windows NT 6.1; WOW64; rv:27.0) Gecko/20100101 Firefox/27.0"
62.97.194.235 - - [19/Jun/2021:17:05:55 +0000] "GET /presentations/logstash-scale11x/images/ahhh___rage_face_by_samusmmx-d5g5zap.png HTTP/1.1" 200 175208 "-" "Mozilla/5.0 (Windows NT 6.1; WOW64; rv:30.0) Gecko/20100101 Firefox/30.0"
46.105.14.53 - - [19/Jun/2021:17:05:35 +0000] "GET /blog/tags/puppet?flav=rss20 HTTP/1.1" 200 14872 "-" "UniversalFeedParser/4.2-pre-314-svn +http://feedparser.org/"
87.6.86.34 - - [19/Jun/2021:17:05:57 +0000] "GET /blog/projects/xdotool/ HTTP/1.1" 200 12292 "-" "Mozilla/5.0 (X11; Ubuntu; Linux i686; rv:27.0) Gecko/20100101 Firefox/27.0"
87.6.86.34 - - [19/Jun/2021:17:05:08 +0000] "GET /reset.css HTTP/1.1" 200 1015 "http://www.semicomplete.com/blog/projects/xdotool/" "Mozilla/5.0 (X11; Ubuntu; Linux i686; rv:27.0) Gecko/20100101 Firefox/27.0"
87.6.86.34 - - [19/Jun/2021:17:05:56 +0000] "GET /style2.css HTTP/1.1" 200 4877 "http://www.semicomplete.com/blog/projects/xdotool/" "Mozilla/5.0 (X11; Ubuntu; Linux i686; rv:27.0) Gecko/20100101 Firefox/27.0"
87.6.86.34 - - [19/Jun/2021:17:05:08 +0000] "GET /favicon.ico HTTP/1.1" 200 3638 "-" "Mozilla/5.0 (X11; Ubuntu; Linux i686; rv:27.0) Gecko/20100101 Firefox/27.0"
87.6.86.34 - - [19/Jun/2021:17:05:54 +0000] "GET /images/jordan-80.png HTTP/1.1" 200 6146 "http://www.semicomplete.com/blog/projects/xdotool/" "Mozilla/5.0 (X11; Ubuntu; Linux i686; rv:27.0) Gecko/20100101 Firefox/27.0"
87.6.86.34 - - [19/Jun/2021:17:05:21 +0000] "GET /images/web/2009/banner.png HTTP/1.1" 200 52315 "http://www.semicomplete.com/style2.css" "Mozilla/5.0 (X11; Ubuntu; Linux i686; rv:27.0) Gecko/20100101 Firefox/27.0"
66.249.73.185 - - [19/Jun/2021:17:05:56 +0000] "GET /presentations/logstash-1/ HTTP/1.1" 304 - "-" "Mozilla/5.0 (iPhone; CPU iPhone OS 6_0 like Mac OS X) AppleWebKit/536.26 (KHTML, like Gecko) Version/6.0 Mobile/10A5376e Safari/8536.25 (compatible; Googlebot/2.1; +http://www.google.com/bot.html)"
66.249.73.135 - - [19/Jun/2021:17:05:29 +0000] "GET /?flav=rss20 HTTP/1.1" 200 29941 "-" "Mozilla/5.0 (compatible; Googlebot/2.1; +http://www.google.com/bot.html)"
209.141.128.208 - - [19/Jun/2021:17:05:30 +0000] "GET /blog/articles/week-of-unix-tools/day-1-sed.html HTTP/1.1" 200 16563 "http://www.google.ca/url?sa=t&rct=j&q=&esrc=s&source=web&cd=7&ved=0CF0QFjAG&url=http%3A%2F%2Fwww.semicomplete.com%2Fblog%2Farticles%2Fweek-of-unix-tools%2Fday-1-sed.html&ei=q_wBU8PTA-eCyAGa8IDABA&usg=AFQjCNEGnAMyfPHahKrUcarWEtldDHOBvQ&sig2=8EzNNjZc-MTaAGVM4vA33w&bvm=bv.61535280,d.aWc" "Mozilla/5.0 (Windows NT 6.1; WOW64; rv:27.0) Gecko/20100101 Firefox/27.0"
209.141.128.208 - - [19/Jun/2021:17:05:41 +0000] "GET /reset.css HTTP/1.1" 200 1015 "http://www.semicomplete.com/blog/articles/week-of-unix-tools/day-1-sed.html" "Mozilla/5.0 (Windows NT 6.1; WOW64; rv:27.0) Gecko/20100101 Firefox/27.0"
209.141.128.208 - - [19/Jun/2021:17:05:33 +0000] "GET /style2.css HTTP/1.1" 200 4877 "http://www.semicomplete.com/blog/articles/week-of-unix-tools/day-1-sed.html" "Mozilla/5.0 (Windows NT 6.1; WOW64; rv:27.0) Gecko/20100101 Firefox/27.0"
209.141.128.208 - - [19/Jun/2021:17:05:35 +0000] "GET /favicon.ico HTTP/1.1" 200 3638 "-" "Mozilla/5.0 (Windows NT 6.1; WOW64; rv:27.0) Gecko/20100101 Firefox/27.0"
209.141.128.208 - - [19/Jun/2021:17:05:29 +0000] "GET /images/jordan-80.png HTTP/1.1" 200 6146 "http://www.semicomplete.com/blog/articles/week-of-unix-tools/day-1-sed.html" "Mozilla/5.0 (Windows NT 6.1; WOW64; rv:27.0) Gecko/20100101 Firefox/27.0"
209.141.128.208 - - [19/Jun/2021:17:05:30 +0000] "GET /images/sed-color-output.png HTTP/1.1" 200 4231 "http://www.semicomplete.com/blog/articles/week-of-unix-tools/day-1-sed.html" "Mozilla/5.0 (Windows NT 6.1; WOW64; rv:27.0) Gecko/20100101 Firefox/27.0"
209.141.128.208 - - [19/Jun/2021:17:05:11 +0000] "GET /images/web/2009/banner.png HTTP/1.1" 200 52315 "http://www.semicomplete.com/style2.css" "Mozilla/5.0 (Windows NT 6.1; WOW64; rv:27.0) Gecko/20100101 Firefox/27.0"
50.16.19.13 - - [19/Jun/2021:17:05:25 +0000] "GET /blog/tags/puppet?flav=rss20 HTTP/1.1" 200 14872 "http://www.semicomplete.com/blog/tags/puppet?flav=rss20" "Tiny Tiny RSS/1.11 (http://tt-rss.org/)"
66.249.73.135 - - [19/Jun/2021:17:05:19 +0000] "GET /blog/geekery/jquery-interface-/pppuffer.html HTTP/1.1" 404 7861 "-" "Mozilla/5.0 (compatible; Googlebot/2.1; +http://www.google.com/bot.html)"
46.105.14.53 - - [19/Jun/2021:17:05:30 +0000] "GET /blog/tags/puppet?flav=rss20 HTTP/1.1" 200 14872 "-" "UniversalFeedParser/4.2-pre-314-svn +http://feedparser.org/"
82.165.139.53 - - [19/Jun/2021:17:05:35 +0000] "GET /projects/xdotool/ HTTP/1.0" 200 12292 "-" "-"
209.17.114.78 - - [19/Jun/2021:17:05:20 +0000] "GET /presentations/logstash-intro/file/logstash-roadmap/elasticsearch-logstash-piesnacking.png HTTP/1.1" 200 21820 "-" "Mozilla/4.0 (compatible; MSIE 6.0; Windows NT 5.2; SV1; .NET CLR 2.0.50727; InfoPath.1)"
66.249.73.135 - - [19/Jun/2021:17:05:25 +0000] "GET /blog/geekery/pam_captcha_research.html HTTP/1.1" 200 9752 "-" "Mozilla/5.0 (compatible; Googlebot/2.1; +http://www.google.com/bot.html)"
134.99.112.2 - - [19/Jun/2021:17:05:10 +0000] "GET /articles/dynamic-dns-with-dhcp/ HTTP/1.1" 200 18848 "-" "Mozilla/5.0 (X11; Linux x86_64; rv:24.0) Gecko/20140205 Firefox/24.0 Iceweasel/24.3.0"
180.222.70.88 - - [19/Jun/2021:17:05:40 +0000] "GET /presentations/logstash-scale11x/images/ahhh___rage_face_by_samusmmx-d5g5zap.png HTTP/1.1" 200 175208 "http://www.s-chassis.co.nz/viewtopic.php?f=16&t=9265&start=200" "Mozilla/5.0 (Windows NT 5.1; rv:27.0) Gecko/20100101 Firefox/27.0"
100.43.83.137 - - [19/Jun/2021:17:05:39 +0000] "GET /files/xdotool/docs/html/structcontext.html HTTP/1.1" 304 - "-" "Mozilla/5.0 (compatible; YandexBot/3.0; +http://yandex.com/bots)"
66.249.73.135 - - [19/Jun/2021:17:05:23 +0000] "GET /blog/tags/python?page=4 HTTP/1.1" 200 13934 "-" "Mozilla/5.0 (iPhone; CPU iPhone OS 6_0 like Mac OS X) AppleWebKit/536.26 (KHTML, like Gecko) Version/6.0 Mobile/10A5376e Safari/8536.25 (compatible; Googlebot/2.1; +http://www.google.com/bot.html)"
188.65.166.78 - - [19/Jun/2021:17:05:13 +0000] "GET /presentations/logstash-scale11x/images/kibana-dashboard.png HTTP/1.1" 200 321631 "-" "Mozilla/5.0 (Macintosh; Intel Mac OS X 10_8_5) AppleWebKit/537.36 (KHTML, like Gecko) Chrome/32.0.1700.107 Safari/537.36"
208.91.156.11 - - [19/Jun/2021:17:05:26 +0000] "GET /files/logstash/logstash-1.3.2-monolithic.jar HTTP/1.1" 404 324 "-" "Chef Client/10.18.2 (ruby-1.9.3-p327; ohai-6.16.0; x86_64-linux; +http://opscode.com)"
46.105.14.53 - - [19/Jun/2021:17:05:25 +0000] "GET /blog/tags/puppet?flav=rss20 HTTP/1.1" 200 14872 "-" "UniversalFeedParser/4.2-pre-314-svn +http://feedparser.org/"
213.61.156.100 - - [19/Jun/2021:17:05:17 +0000] "GET /images/googledotcom.png HTTP/1.1" 200 65748 "http://www.semicomplete.com/blog/geekery/xvfb-firefox.html" "Mozilla/5.0 (X11; Linux x86_64; rv:24.0) Gecko/20100101 Firefox/24.0"
69.26.164.70 - - [19/Jun/2021:17:05:55 +0000] "GET /presentations/logstash-scale11x/ HTTP/1.1" 200 54239 "http://semicomplete.com/" "Mozilla/5.0 (Macintosh; Intel Mac OS X 10.7; rv:22.0) Gecko/20100101 Firefox/22.0"
69.26.164.70 - - [19/Jun/2021:17:05:09 +0000] "GET /kibana/ HTTP/1.1" 200 4483 "http://semicomplete.com/" "Mozilla/5.0 (Macintosh; Intel Mac OS X 10.7; rv:22.0) Gecko/20100101 Firefox/22.0"
54.224.92.206 - - [19/Jun/2021:17:05:28 +0000] "GET /blog/geekery/xvfb-firefox.html HTTP/1.1" 200 10975 "-" "Mozilla/5.0 (Macintosh; U; Intel Mac OS X 10.6; en-US; rv:1.9.2) Gecko/20100115 Firefox/3.6 (FlipboardProxy/1.1; +http://flipboard.com/browserproxy)"
54.227.17.146 - - [19/Jun/2021:17:05:24 +0000] "GET /robots.txt HTTP/1.1" 200 - "-" "Mozilla/5.0 (Macintosh; U; Intel Mac OS X 10.6; en-US; rv:1.9.2) Gecko/20100115 Firefox/3.6 (FlipboardProxy/2.0; +http://flipboard.com/browserproxy)"
54.204.217.52 - - [19/Jun/2021:17:05:40 +0000] "GET /images/jordan-80.png HTTP/1.1" 200 6146 "-" "Mozilla/5.0 (Macintosh; U; Intel Mac OS X 10.6; en-US; rv:1.9.2) Gecko/20100115 Firefox/3.6 (FlipboardProxy/1.2; +http://flipboard.com/browserproxy)"
177.229.230.254 - - [19/Jun/2021:17:05:46 +0000] "GET /favicon.ico HTTP/1.1" 200 3638 "-" "Mozilla/5.0 (X11; Ubuntu; Linux i686; rv:26.0) Gecko/20100101 Firefox/26.0"
194.126.102.178 - - [19/Jun/2021:17:05:09 +0000] "GET /files/logstash/ HTTP/1.1" 200 13316 "https://www.google.ee/" "Mozilla/5.0 (Windows NT 6.1; WOW64) AppleWebKit/537.36 (KHTML, like Gecko) Chrome/32.0.1700.107 Safari/537.36"
194.126.102.178 - - [19/Jun/2021:17:05:40 +0000] "GET /icons/blank.gif HTTP/1.1" 200 148 "http://semicomplete.com/files/logstash/" "Mozilla/5.0 (Windows NT 6.1; WOW64) AppleWebKit/537.36 (KHTML, like Gecko) Chrome/32.0.1700.107 Safari/537.36"
194.126.102.178 - - [19/Jun/2021:17:05:32 +0000] "GET /icons/back.gif HTTP/1.1" 200 216 "http://semicomplete.com/files/logstash/" "Mozilla/5.0 (Windows NT 6.1; WOW64) AppleWebKit/537.36 (KHTML, like Gecko) Chrome/32.0.1700.107 Safari/537.36"
194.126.102.178 - - [19/Jun/2021:17:05:52 +0000] "GET /icons/text.gif HTTP/1.1" 200 229 "http://semicomplete.com/files/logstash/" "Mozilla/5.0 (Windows NT 6.1; WOW64) AppleWebKit/537.36 (KHTML, like Gecko) Chrome/32.0.1700.107 Safari/537.36"
194.126.102.178 - - [19/Jun/2021:17:05:29 +0000] "GET /icons/unknown.gif HTTP/1.1" 200 245 "http://semicomplete.com/files/logstash/" "Mozilla/5.0 (Windows NT 6.1; WOW64) AppleWebKit/537.36 (KHTML, like Gecko) Chrome/32.0.1700.107 Safari/537.36"
194.126.102.178 - - [19/Jun/2021:17:05:25 +0000] "GET /favicon.ico HTTP/1.1" 200 3638 "-" "Mozilla/5.0 (Windows NT 6.1; WOW64) AppleWebKit/537.36 (KHTML, like Gecko) Chrome/32.0.1700.107 Safari/537.36"
130.88.99.231 - - [19/Jun/2021:17:05:09 +0000] "GET /images/ec2_m1large_cost.png HTTP/1.1" 200 36159 "-" "Mozilla/5.0 (Linux; U; Android 4.3; en-gb; GT-I9300 Build/JSS15J) AppleWebKit/534.30 (KHTML, like Gecko) Version/4.0 Mobile Safari/534.30 GSA/3.2.17.1009776.arm"
74.125.19.82 - - [19/Jun/2021:17:05:52 +0000] "GET /?flav=rss20 HTTP/1.1" 200 29941 "-" "FeedBurner/1.0 (http://www.FeedBurner.com)"
194.126.102.178 - - [19/Jun/2021:17:05:24 +0000] "GET /files/ HTTP/1.1" 200 13277 "http://semicomplete.com/files/logstash/" "Mozilla/5.0 (Windows NT 6.1; WOW64) AppleWebKit/537.36 (KHTML, like Gecko) Chrome/32.0.1700.107 Safari/537.36"
194.126.102.178 - - [19/Jun/2021:17:05:14 +0000] "GET /icons/compressed.gif HTTP/1.1" 200 1038 "http://semicomplete.com/files/" "Mozilla/5.0 (Windows NT 6.1; WOW64) AppleWebKit/537.36 (KHTML, like Gecko) Chrome/32.0.1700.107 Safari/537.36"
194.126.102.178 - - [19/Jun/2021:17:05:27 +0000] "GET /icons/folder.gif HTTP/1.1" 200 225 "http://semicomplete.com/files/" "Mozilla/5.0 (Windows NT 6.1; WOW64) AppleWebKit/537.36 (KHTML, like Gecko) Chrome/32.0.1700.107 Safari/537.36"
194.126.102.178 - - [19/Jun/2021:17:05:52 +0000] "GET /icons/image2.gif HTTP/1.1" 200 309 "http://semicomplete.com/files/" "Mozilla/5.0 (Windows NT 6.1; WOW64) AppleWebKit/537.36 (KHTML, like Gecko) Chrome/32.0.1700.107 Safari/537.36"
217.174.111.254 - - [19/Jun/2021:17:05:59 +0000] "GET /blog/geekery/xvfb-firefox.html HTTP/1.1" 200 10975 "http://www.google.ru/url?sa=t&rct=j&q=&esrc=s&source=web&cd=13&ved=0CEMQFjACOAo&url=http%3A%2F%2Fwww.semicomplete.com%2Fblog%2Fgeekery%2Fxvfb-firefox.html&ei=62FMUceuA8zV4QT-yID4BQ&usg=AFQjCNEFaYxjYoKmLd5CLaG3SbQNStGkLg&bvm=bv.44158598,d.bGE&cad=rja" "Mozilla/5.0 (X11; Ubuntu; Linux x86_64; rv:26.0) Gecko/20100101 Firefox/26.0"
217.174.111.254 - - [19/Jun/2021:17:05:30 +0000] "GET /reset.css HTTP/1.1" 200 1015 "http://www.semicomplete.com/blog/geekery/xvfb-firefox.html" "Mozilla/5.0 (X11; Ubuntu; Linux x86_64; rv:26.0) Gecko/20100101 Firefox/26.0"
217.174.111.254 - - [19/Jun/2021:17:05:03 +0000] "GET /style2.css HTTP/1.1" 200 4877 "http://www.semicomplete.com/blog/geekery/xvfb-firefox.html" "Mozilla/5.0 (X11; Ubuntu; Linux x86_64; rv:26.0) Gecko/20100101 Firefox/26.0"
217.174.111.254 - - [19/Jun/2021:17:05:46 +0000] "GET /images/jordan-80.png HTTP/1.1" 200 6146 "http://www.semicomplete.com/blog/geekery/xvfb-firefox.html" "Mozilla/5.0 (X11; Ubuntu; Linux x86_64; rv:26.0) Gecko/20100101 Firefox/26.0"
217.174.111.254 - - [19/Jun/2021:17:05:34 +0000] "GET /images/web/2009/banner.png HTTP/1.1" 200 52315 "http://www.semicomplete.com/style2.css" "Mozilla/5.0 (X11; Ubuntu; Linux x86_64; rv:26.0) Gecko/20100101 Firefox/26.0"
194.126.102.178 - - [19/Jun/2021:17:05:11 +0000] "GET /files/logstash/ HTTP/1.1" 200 13316 "http://semicomplete.com/files/" "Mozilla/5.0 (Windows NT 6.1; WOW64) AppleWebKit/537.36 (KHTML, like Gecko) Chrome/32.0.1700.107 Safari/537.36"
194.126.102.178 - - [19/Jun/2021:17:05:17 +0000] "GET /files/logstash/config.xml HTTP/1.1" 200 3304 "http://semicomplete.com/files/logstash/" "Mozilla/5.0 (Windows NT 6.1; WOW64) AppleWebKit/537.36 (KHTML, like Gecko) Chrome/32.0.1700.107 Safari/537.36"
95.148.254.71 - - [19/Jun/2021:17:05:10 +0000] "GET /blog/geekery/disabling-battery-in-ubuntu-vms.html HTTP/1.1" 200 9316 "http://www.google.com/url?sa=t&rct=j&q=&esrc=s&source=web&cd=10&ved=0CGUQFjAJ&url=http%3A%2F%2Fwww.semicomplete.com%2Fblog%2Fgeekery%2Fdisabling-battery-in-ubuntu-vms.html&ei=s_8BU9C9JsGphAeQtoFw&usg=AFQjCNGCtI7nRwy4M6vo_Nl_oqhG1IsXZg" "Mozilla/5.0 (X11; Ubuntu; Linux x86_64; rv:18.0) Gecko/20100101 Firefox/18.0"
95.148.254.71 - - [19/Jun/2021:17:05:56 +0000] "GET /reset.css HTTP/1.1" 200 1015 "http://www.semicomplete.com/blog/geekery/disabling-battery-in-ubuntu-vms.html" "Mozilla/5.0 (X11; Ubuntu; Linux x86_64; rv:18.0) Gecko/20100101 Firefox/18.0"
95.148.254.71 - - [19/Jun/2021:17:05:24 +0000] "GET /style2.css HTTP/1.1" 200 4877 "http://www.semicomplete.com/blog/geekery/disabling-battery-in-ubuntu-vms.html" "Mozilla/5.0 (X11; Ubuntu; Linux x86_64; rv:18.0) Gecko/20100101 Firefox/18.0"
95.148.254.71 - - [19/Jun/2021:17:05:36 +0000] "GET /images/jordan-80.png HTTP/1.1" 200 6146 "http://www.semicomplete.com/blog/geekery/disabling-battery-in-ubuntu-vms.html" "Mozilla/5.0 (X11; Ubuntu; Linux x86_64; rv:18.0) Gecko/20100101 Firefox/18.0"
95.148.254.71 - - [19/Jun/2021:17:05:23 +0000] "GET /favicon.ico HTTP/1.1" 200 3638 "-" "Mozilla/5.0 (X11; Ubuntu; Linux x86_64; rv:18.0) Gecko/20100101 Firefox/18.0"
95.148.254.71 - - [19/Jun/2021:17:05:44 +0000] "GET /images/web/2009/banner.png HTTP/1.1" 200 52315 "http://www.semicomplete.com/style2.css" "Mozilla/5.0 (X11; Ubuntu; Linux x86_64; rv:18.0) Gecko/20100101 Firefox/18.0"
66.249.73.135 - - [19/Jun/2021:17:05:34 +0000] "GET /blog/tags/sqlite HTTP/1.1" 200 8979 "-" "Mozilla/5.0 (iPhone; CPU iPhone OS 6_0 like Mac OS X) AppleWebKit/536.26 (KHTML, like Gecko) Version/6.0 Mobile/10A5376e Safari/8536.25 (compatible; Googlebot/2.1; +http://www.google.com/bot.html)"
220.181.108.162 - - [19/Jun/2021:17:05:54 +0000] "GET / HTTP/1.1" 200 36824 "-" "Mozilla/5.0 (compatible; Baiduspider/2.0; +http://www.baidu.com/search/spider.html)"
46.105.14.53 - - [19/Jun/2021:17:05:19 +0000] "GET /blog/tags/puppet?flav=rss20 HTTP/1.1" 200 14872 "-" "UniversalFeedParser/4.2-pre-314-svn +http://feedparser.org/"
95.153.95.223 - - [19/Jun/2021:17:05:43 +0000] "GET /files/rubygems615/java-ssl-debug-last-request.txt HTTP/1.1" 200 66717 "http://yandex.ru/yandsearch?text=socks5+proxy+50&lr=213" "Mozilla/5.0 (compatible; Konqueror/3.5; OpenBSD) KHTML/3.5.9 (like Gecko)"
46.65.248.177 - - [19/Jun/2021:17:05:16 +0000] "GET / HTTP/1.1" 200 37932 "http://z0mbix.github.io/blog/2012/03/01/use-nginx-and-passenger-to-power-your-puppet-master/" "Mozilla/5.0 (X11; Linux x86_64; rv:26.0) Gecko/20100101 Firefox/26.0"
46.65.248.177 - - [19/Jun/2021:17:05:57 +0000] "GET /reset.css HTTP/1.1" 200 1015 "http://www.semicomplete.com/" "Mozilla/5.0 (X11; Linux x86_64; rv:26.0) Gecko/20100101 Firefox/26.0"
46.65.248.177 - - [19/Jun/2021:17:05:50 +0000] "GET /style2.css HTTP/1.1" 200 4877 "http://www.semicomplete.com/" "Mozilla/5.0 (X11; Linux x86_64; rv:26.0) Gecko/20100101 Firefox/26.0"
46.65.248.177 - - [19/Jun/2021:17:05:28 +0000] "GET /favicon.ico HTTP/1.1" 200 3638 "-" "Mozilla/5.0 (X11; Linux x86_64; rv:26.0) Gecko/20100101 Firefox/26.0"
46.65.248.177 - - [19/Jun/2021:17:05:58 +0000] "GET /images/jordan-80.png HTTP/1.1" 200 6146 "http://www.semicomplete.com/" "Mozilla/5.0 (X11; Linux x86_64; rv:26.0) Gecko/20100101 Firefox/26.0"
46.65.248.177 - - [19/Jun/2021:17:05:04 +0000] "GET /images/web/2009/banner.png HTTP/1.1" 200 52315 "http://www.semicomplete.com/style2.css" "Mozilla/5.0 (X11; Linux x86_64; rv:26.0) Gecko/20100101 Firefox/26.0"
123.125.71.82 - - [19/Jun/2021:17:05:45 +0000] "GET / HTTP/1.1" 200 36824 "-" "Mozilla/5.0 (compatible; Baiduspider/2.0; +http://www.baidu.com/search/spider.html)"
66.249.73.185 - - [19/Jun/2021:17:05:21 +0000] "GET /kibana/ HTTP/1.1" 200 4483 "-" "Mozilla/5.0 (compatible; Googlebot/2.1; +http://www.google.com/bot.html)"
209.85.238.199 - - [19/Jun/2021:17:05:52 +0000] "GET /?flav=rss20 HTTP/1.1" 200 29941 "-" "Feedfetcher-Google; (+http://www.google.com/feedfetcher.html; 22 subscribers; feed-id=8321906634162087507)"
79.101.87.86 - - [19/Jun/2021:17:05:45 +0000] "GET /blog/geekery/pull-album-covers-from-amazon.html HTTP/1.1" 200 9356 "http://www.google.rs/url?sa=t&rct=j&q=&esrc=s&source=web&cd=20&ved=0CGwQFjAJOAo&url=http%3A%2F%2Fwww.semicomplete.com%2Fblog%2Fgeekery%2Fpull-album-covers-from-amazon.html&ei=mQACU4-9PIrZsgaMq4F4&usg=AFQjCNEEl6lgsXmiSCNjydA9EReLLBDDuw" "Mozilla/5.0 (Windows NT 6.1; rv:27.0) Gecko/20100101 Firefox/27.0"
79.101.87.86 - - [19/Jun/2021:17:05:29 +0000] "GET /reset.css HTTP/1.1" 200 1015 "http://www.semicomplete.com/blog/geekery/pull-album-covers-from-amazon.html" "Mozilla/5.0 (Windows NT 6.1; rv:27.0) Gecko/20100101 Firefox/27.0"
79.101.87.86 - - [19/Jun/2021:17:05:27 +0000] "GET /style2.css HTTP/1.1" 200 4877 "http://www.semicomplete.com/blog/geekery/pull-album-covers-from-amazon.html" "Mozilla/5.0 (Windows NT 6.1; rv:27.0) Gecko/20100101 Firefox/27.0"
79.101.87.86 - - [19/Jun/2021:17:05:58 +0000] "GET /favicon.ico HTTP/1.1" 200 3638 "-" "Mozilla/5.0 (Windows NT 6.1; rv:27.0) Gecko/20100101 Firefox/27.0"
79.101.87.86 - - [19/Jun/2021:17:05:30 +0000] "GET /images/jordan-80.png HTTP/1.1" 200 6146 "http://www.semicomplete.com/blog/geekery/pull-album-covers-from-amazon.html" "Mozilla/5.0 (Windows NT 6.1; rv:27.0) Gecko/20100101 Firefox/27.0"
79.101.87.86 - - [19/Jun/2021:17:05:50 +0000] "GET /images/web/2009/banner.png HTTP/1.1" 200 52315 "http://www.semicomplete.com/style2.css" "Mozilla/5.0 (Windows NT 6.1; rv:27.0) Gecko/20100101 Firefox/27.0"
88.61.50.114 - - [19/Jun/2021:17:05:44 +0000] "GET /images/googledotcom.png HTTP/1.1" 200 65748 "http://www.bing.com/images/search?q=httpwwwgoogle.&id=7EF7BAD1786BD1666197CDB11326F6D5120C0174&FORM=IQFRBA" "Mozilla/4.0 (compatible; MSIE 6.0; Windows NT 5.1; SV1; .NET CLR 2.0.50727)"
79.101.87.86 - - [19/Jun/2021:17:05:43 +0000] "GET /scripts/albumcover.py HTTP/1.1" 200 1401 "http://www.semicomplete.com/blog/geekery/pull-album-covers-from-amazon.html" "Mozilla/5.0 (Windows NT 6.1; rv:27.0) Gecko/20100101 Firefox/27.0"
65.52.104.233 - - [19/Jun/2021:17:05:24 +0000] "GET /blog/geekery/xvfb-firefox.html HTTP/1.1" 200 10975 "-" "Mozilla/5.0 (Windows NT 6.1; WOW64) AppleWebKit/534+ (KHTML, like Gecko) BingPreview/1.0b"
65.52.104.233 - - [19/Jun/2021:17:05:02 +0000] "GET /images/jordan-80.png HTTP/1.1" 200 6146 "http://www.semicomplete.com/blog/geekery/xvfb-firefox.html" "Mozilla/5.0 (Windows NT 6.1; WOW64) AppleWebKit/534+ (KHTML, like Gecko) BingPreview/1.0b"
65.52.104.233 - - [19/Jun/2021:17:05:16 +0000] "GET /style2.css HTTP/1.1" 200 4877 "http://www.semicomplete.com/blog/geekery/xvfb-firefox.html" "Mozilla/5.0 (Windows NT 6.1; WOW64) AppleWebKit/534+ (KHTML, like Gecko) BingPreview/1.0b"
65.52.104.233 - - [19/Jun/2021:17:05:40 +0000] "GET /reset.css HTTP/1.1" 200 1015 "http://www.semicomplete.com/blog/geekery/xvfb-firefox.html" "Mozilla/5.0 (Windows NT 6.1; WOW64) AppleWebKit/534+ (KHTML, like Gecko) BingPreview/1.0b"
65.52.104.233 - - [19/Jun/2021:17:05:57 +0000] "GET /images/web/2009/banner.png HTTP/1.1" 200 52315 "http://www.semicomplete.com/blog/geekery/xvfb-firefox.html" "Mozilla/5.0 (Windows NT 6.1; WOW64) AppleWebKit/534+ (KHTML, like Gecko) BingPreview/1.0b"
79.101.87.86 - - [19/Jun/2021:17:05:28 +0000] "GET /blog/tags/music HTTP/1.1" 200 17268 "http://www.semicomplete.com/blog/geekery/pull-album-covers-from-amazon.html" "Mozilla/5.0 (Windows NT 6.1; rv:27.0) Gecko/20100101 Firefox/27.0"
46.105.14.53 - - [19/Jun/2021:17:05:14 +0000] "GET /blog/tags/puppet?flav=rss20 HTTP/1.1" 200 14872 "-" "UniversalFeedParser/4.2-pre-314-svn +http://feedparser.org/"
89.238.233.38 - - [19/Jun/2021:17:05:27 +0000] "GET /blog/geekery/headless-wrapper-for-ephemeral-xservers.html HTTP/1.1" 200 11902 "http://www.alittlemadness.com/2008/03/05/running-selenium-headless/" "Mozilla/5.0 (Macintosh; Intel Mac OS X 10.9; rv:27.0) Gecko/20100101 Firefox/27.0"
89.238.233.38 - - [19/Jun/2021:17:05:25 +0000] "GET /reset.css HTTP/1.1" 200 1015 "http://www.semicomplete.com/blog/geekery/headless-wrapper-for-ephemeral-xservers.html" "Mozilla/5.0 (Macintosh; Intel Mac OS X 10.9; rv:27.0) Gecko/20100101 Firefox/27.0"
89.238.233.38 - - [19/Jun/2021:17:05:40 +0000] "GET /style2.css HTTP/1.1" 200 4877 "http://www.semicomplete.com/blog/geekery/headless-wrapper-for-ephemeral-xservers.html" "Mozilla/5.0 (Macintosh; Intel Mac OS X 10.9; rv:27.0) Gecko/20100101 Firefox/27.0"
89.238.233.38 - - [19/Jun/2021:17:05:57 +0000] "GET /favicon.ico HTTP/1.1" 200 3638 "-" "Mozilla/5.0 (Macintosh; Intel Mac OS X 10.9; rv:27.0) Gecko/20100101 Firefox/27.0"
89.238.233.38 - - [19/Jun/2021:17:05:58 +0000] "GET /images/jordan-80.png HTTP/1.1" 200 6146 "http://www.semicomplete.com/blog/geekery/headless-wrapper-for-ephemeral-xservers.html" "Mozilla/5.0 (Macintosh; Intel Mac OS X 10.9; rv:27.0) Gecko/20100101 Firefox/27.0"
89.238.233.38 - - [19/Jun/2021:17:05:44 +0000] "GET /images/web/2009/banner.png HTTP/1.1" 200 52315 "http://www.semicomplete.com/style2.css" "Mozilla/5.0 (Macintosh; Intel Mac OS X 10.9; rv:27.0) Gecko/20100101 Firefox/27.0"
66.249.73.135 - - [19/Jun/2021:17:05:25 +0000] "GET /projects/solaudio/ HTTP/1.1" 200 8301 "-" "SAMSUNG-SGH-E250/1.0 Profile/MIDP-2.0 Configuration/CLDC-1.1 UP.Browser/6.2.3.3.c.1.101 (GUI) MMP/2.0 (compatible; Googlebot-Mobile/2.1; +http://www.google.com/bot.html)"
50.16.19.13 - - [19/Jun/2021:17:05:10 +0000] "GET /blog/tags/puppet?flav=rss20 HTTP/1.1" 200 14872 "http://www.semicomplete.com/blog/tags/puppet?flav=rss20" "Tiny Tiny RSS/1.11 (http://tt-rss.org/)"
65.55.213.73 - - [19/Jun/2021:18:05:07 +0000] "GET /robots.txt HTTP/1.1" 200 - "-" "msnbot/2.0b (+http://search.msn.com/msnbot.htm)"
65.55.213.73 - - [19/Jun/2021:18:05:25 +0000] "GET / HTTP/1.1" 200 37932 "-" "msnbot/2.0b (+http://search.msn.com/msnbot.htm)"
109.195.177.171 - - [19/Jun/2021:18:05:48 +0000] "GET /projects/xdotool/ HTTP/1.1" 200 12292 "https://www.google.com/" "Mozilla/5.0 (X11; Linux x86_64) AppleWebKit/537.36 (KHTML, like Gecko) Ubuntu Chromium/32.0.1700.102 Chrome/32.0.1700.102 Safari/537.36"
109.195.177.171 - - [19/Jun/2021:18:05:12 +0000] "GET /reset.css HTTP/1.1" 200 1015 "http://www.semicomplete.com/projects/xdotool/" "Mozilla/5.0 (X11; Linux x86_64) AppleWebKit/537.36 (KHTML, like Gecko) Ubuntu Chromium/32.0.1700.102 Chrome/32.0.1700.102 Safari/537.36"
109.195.177.171 - - [19/Jun/2021:18:05:24 +0000] "GET /style2.css HTTP/1.1" 200 4877 "http://www.semicomplete.com/projects/xdotool/" "Mozilla/5.0 (X11; Linux x86_64) AppleWebKit/537.36 (KHTML, like Gecko) Ubuntu Chromium/32.0.1700.102 Chrome/32.0.1700.102 Safari/537.36"
109.195.177.171 - - [19/Jun/2021:18:05:12 +0000] "GET /images/jordan-80.png HTTP/1.1" 200 6146 "http://www.semicomplete.com/projects/xdotool/" "Mozilla/5.0 (X11; Linux x86_64) AppleWebKit/537.36 (KHTML, like Gecko) Ubuntu Chromium/32.0.1700.102 Chrome/32.0.1700.102 Safari/537.36"
109.195.177.171 - - [19/Jun/2021:18:05:59 +0000] "GET /images/web/2009/banner.png HTTP/1.1" 200 52315 "http://www.semicomplete.com/projects/xdotool/" "Mozilla/5.0 (X11; Linux x86_64) AppleWebKit/537.36 (KHTML, like Gecko) Ubuntu Chromium/32.0.1700.102 Chrome/32.0.1700.102 Safari/537.36"
109.195.177.171 - - [19/Jun/2021:18:05:00 +0000] "GET /favicon.ico HTTP/1.1" 200 3638 "-" "Mozilla/5.0 (X11; Linux x86_64) AppleWebKit/537.36 (KHTML, like Gecko) Ubuntu Chromium/32.0.1700.102 Chrome/32.0.1700.102 Safari/537.36"
77.241.193.88 - - [19/Jun/2021:18:05:37 +0000] "GET /blog/tags/wmi HTTP/1.1" 200 10068 "http://community.spiceworks.com/topic/269270-how-can-i-pull-cpu-temperature-through-powershell-scripting" "Mozilla/5.0 (compatible; MSIE 9.0; Windows NT 6.1; WOW64; Trident/5.0)"
77.241.193.88 - - [19/Jun/2021:18:05:39 +0000] "GET /blog/tags/wmi HTTP/1.1" 200 10068 "http://community.spiceworks.com/topic/269270-how-can-i-pull-cpu-temperature-through-powershell-scripting" "Mozilla/5.0 (compatible; MSIE 9.0; Windows NT 6.1; WOW64; Trident/5.0)"
77.241.193.88 - - [19/Jun/2021:18:05:07 +0000] "GET /reset.css HTTP/1.1" 200 1015 "http://www.semicomplete.com/blog/tags/wmi" "Mozilla/5.0 (compatible; MSIE 9.0; Windows NT 6.1; WOW64; Trident/5.0)"
77.241.193.88 - - [19/Jun/2021:18:05:44 +0000] "GET /style2.css HTTP/1.1" 200 4877 "http://www.semicomplete.com/blog/tags/wmi" "Mozilla/5.0 (compatible; MSIE 9.0; Windows NT 6.1; WOW64; Trident/5.0)"
77.241.193.88 - - [19/Jun/2021:18:05:52 +0000] "GET /images/jordan-80.png HTTP/1.1" 200 6146 "http://www.semicomplete.com/blog/tags/wmi" "Mozilla/5.0 (compatible; MSIE 9.0; Windows NT 6.1; WOW64; Trident/5.0)"
77.241.193.88 - - [19/Jun/2021:18:05:01 +0000] "GET /style2.css HTTP/1.1" 200 4877 "http://www.semicomplete.com/blog/tags/wmi" "Mozilla/5.0 (compatible; MSIE 9.0; Windows NT 6.1; WOW64; Trident/5.0)"
77.241.193.88 - - [19/Jun/2021:18:05:44 +0000] "GET /images/jordan-80.png HTTP/1.1" 200 6146 "http://www.semicomplete.com/blog/tags/wmi" "Mozilla/5.0 (compatible; MSIE 9.0; Windows NT 6.1; WOW64; Trident/5.0)"
77.241.193.88 - - [19/Jun/2021:18:05:58 +0000] "GET /images/web/2009/banner.png HTTP/1.1" 200 52315 "http://www.semicomplete.com/blog/tags/wmi" "Mozilla/5.0 (compatible; MSIE 9.0; Windows NT 6.1; WOW64; Trident/5.0)"
