95.82.59.254 - - [19/Jun/2021:03:05:37 +0000] "GET /reset.css HTTP/1.1" 200 1015 "http://www.semicomplete.com/articles/dynamic-dns-with-dhcp/" "Mozilla/5.0 (Windows NT 6.1; rv:27.0) Gecko/20100101 Firefox/27.0"
95.82.59.254 - - [19/Jun/2021:03:05:19 +0000] "GET /images/jordan-80.png HTTP/1.1" 200 6146 "http://www.semicomplete.com/articles/dynamic-dns-with-dhcp/" "Mozilla/5.0 (Windows NT 6.1; rv:27.0) Gecko/20100101 Firefox/27.0"
95.82.59.254 - - [19/Jun/2021:04:05:18 +0000] "GET /images/web/2009/banner.png HTTP/1.1" 200 52315 "http://www.semicomplete.com/style2.css" "Mozilla/5.0 (Windows NT 6.1; rv:27.0) Gecko/20100101 Firefox/27.0"
180.153.236.175 - - [19/Jun/2021:04:05:08 +0000] "GET /articles/dynamic-dns-with-dhcp/ HTTP/1.1" 200 18848 "http://www.semicomplete.com/articles/dynamic-dns-with-dhcp/" "Mozilla/5.0 (Windows; U; Windows NT 5.1; zh-CN; )  Firefox/1.5.0.11; 360Spider"
180.76.5.152 - - [19/Jun/2021:04:05:51 +0000] "GET /files/hello/?C=S;O=A HTTP/1.1" 200 1127 "-" "Mozilla/5.0 (compatible; Baiduspider/2.0; +http://www.baidu.com/search/spider.html)"
217.26.210.20 - - [19/Jun/2021:04:05:57 +0000] "GET /wordpress/wp-admin/ HTTP/1.1" 404 299 "-" "-"
46.105.14.53 - - [19/Jun/2021:04:05:24 +0000] "GET /blog/tags/puppet?flav=rss20 HTTP/1.1" 200 14872 "-" "UniversalFeedParser/4.2-pre-314-svn +http://feedparser.org/"
36.37.235.225 - - [19/Jun/2021:04:05:29 +0000] "GET /images/googledotcom.png HTTP/1.1" 200 65748 "https://www.google.com/" "Mozilla/5.0 (iPhone; CPU iPhone OS 6_1_2 like Mac OS X) AppleWebKit/536.26 (KHTML, like Gecko) Version/6.0 Mobile/10B146 Safari/8536.25"
37.115.186.244 - - [19/Jun/2021:04:05:16 +0000] "POST /blog/geekery/xvfb-firefox HTTP/1.0" 200 10975 "http://zoomq.qiniudn.com/ZQScrapBook/ZqFLOSS/data/20110811235550/" "Mozilla/5.0 (Windows NT 6.1; WOW64) AppleWebKit/537.11 (KHTML, like Gecko) Chrome/23.0.1271.91 Safari/537.11"
111.69.99.101 - - [19/Jun/2021:04:05:24 +0000] "GET /presentations/logstash-scale11x/images/ahhh___rage_face_by_samusmmx-d5g5zap.png HTTP/1.1" 200 175208 "http://s-chassis.co.nz/viewtopic.php?f=16&t=9265&view=unread" "Mozilla/5.0 (iPhone; CPU iPhone OS 7_0_4 like Mac OS X) AppleWebKit/537.51.1 (KHTML, like Gecko) Version/7.0 Mobile/11B554a Safari/9537.53"
85.254.143.114 - - [19/Jun/2021:04:05:57 +0000] "GET /projects/xdotool/xdotool.xhtml HTTP/1.1" 200 50112 "http://www.google.com/url?sa=t&rct=j&q=&esrc=s&source=web&cd=1&ved=0CCgQFjAA&url=http%3A%2F%2Fwww.semicomplete.com%2Fprojects%2Fxdotool%2Fxdotool.xhtml&ei=5cMBU5aIG6qP5ASat4D4Bg&usg=AFQjCNFwZFAI0RQdN_N0kFH-oj8cLsJRNQ&sig2=t-HdJF53T-68nmfqSFu5WQ&bvm=bv.61535280,d.bGE" "Mozilla/5.0 (X11; Ubuntu; Linux i686; rv:26.0) Gecko/20100101 Firefox/26.0"
85.254.143.114 - - [19/Jun/2021:04:05:58 +0000] "GET /favicon.ico HTTP/1.1" 200 3638 "-" "Mozilla/5.0 (X11; Ubuntu; Linux i686; rv:26.0) Gecko/20100101 Firefox/26.0"
41.74.172.23 - - [19/Jun/2021:04:05:02 +0000] "GET /articles/dynamic-dns-with-dhcp/ HTTP/1.1" 200 18848 "https://www.google.com/" "Mozilla/5.0 (X11; Linux x86_64) AppleWebKit/537.36 (KHTML, like Gecko) Chrome/32.0.1700.107 Safari/537.36"
41.74.172.23 - - [19/Jun/2021:04:05:29 +0000] "GET /reset.css HTTP/1.1" 200 1015 "http://www.semicomplete.com/articles/dynamic-dns-with-dhcp/" "Mozilla/5.0 (X11; Linux x86_64) AppleWebKit/537.36 (KHTML, like Gecko) Chrome/32.0.1700.107 Safari/537.36"
41.74.172.23 - - [19/Jun/2021:04:05:04 +0000] "GET /style2.css HTTP/1.1" 200 4877 "http://www.semicomplete.com/articles/dynamic-dns-with-dhcp/" "Mozilla/5.0 (X11; Linux x86_64) AppleWebKit/537.36 (KHTML, like Gecko) Chrome/32.0.1700.107 Safari/537.36"
41.74.172.23 - - [19/Jun/2021:04:05:38 +0000] "GET /images/jordan-80.png HTTP/1.1" 200 6146 "http://www.semicomplete.com/articles/dynamic-dns-with-dhcp/" "Mozilla/5.0 (X11; Linux x86_64) AppleWebKit/537.36 (KHTML, like Gecko) Chrome/32.0.1700.107 Safari/537.36"
41.74.172.23 - - [19/Jun/2021:04:05:26 +0000] "GET /images/web/2009/banner.png HTTP/1.1" 200 52315 "http://www.semicomplete.com/articles/dynamic-dns-with-dhcp/" "Mozilla/5.0 (X11; Linux x86_64) AppleWebKit/537.36 (KHTML, like Gecko) Chrome/32.0.1700.107 Safari/537.36"
41.74.172.23 - - [19/Jun/2021:04:05:01 +0000] "GET /favicon.ico HTTP/1.1" 200 3638 "-" "Mozilla/5.0 (X11; Linux x86_64) AppleWebKit/537.36 (KHTML, like Gecko) Chrome/32.0.1700.107 Safari/537.36"
24.11.96.184 - - [19/Jun/2021:04:05:49 +0000] "GET /files/xdotool/docs/html/xdo_8h.html HTTP/1.1" 200 145776 "http://www.semicomplete.com/files/xdotool/docs/html/globals.html" "Mozilla/5.0 (X11; Ubuntu; Linux x86_64; rv:26.0) Gecko/20100101 Firefox/26.0"
46.105.14.53 - - [19/Jun/2021:04:05:27 +0000] "GET /blog/tags/puppet?flav=rss20 HTTP/1.1" 200 14872 "-" "UniversalFeedParser/4.2-pre-314-svn +http://feedparser.org/"
106.187.34.32 - - [19/Jun/2021:04:05:33 +0000] "GET /projects/xdotool HTTP/1.1" 301 339 "http://www.semicomplete.com/projects/xdotool/xdotool.xhtml" "Mozilla/5.0 (X11; Linux x86_64) AppleWebKit/537.36 (KHTML, like Gecko) Chrome/32.0.1700.107 Safari/537.36"
106.187.34.32 - - [19/Jun/2021:04:05:03 +0000] "GET /projects/xdotool/ HTTP/1.1" 200 12292 "http://www.semicomplete.com/projects/xdotool/xdotool.xhtml" "Mozilla/5.0 (X11; Linux x86_64) AppleWebKit/537.36 (KHTML, like Gecko) Chrome/32.0.1700.107 Safari/537.36"
106.187.34.32 - - [19/Jun/2021:04:05:33 +0000] "GET /reset.css HTTP/1.1" 200 1015 "http://www.semicomplete.com/projects/xdotool/" "Mozilla/5.0 (X11; Linux x86_64) AppleWebKit/537.36 (KHTML, like Gecko) Chrome/32.0.1700.107 Safari/537.36"
106.187.34.32 - - [19/Jun/2021:04:05:04 +0000] "GET /style2.css HTTP/1.1" 200 4877 "http://www.semicomplete.com/projects/xdotool/" "Mozilla/5.0 (X11; Linux x86_64) AppleWebKit/537.36 (KHTML, like Gecko) Chrome/32.0.1700.107 Safari/537.36"
106.187.34.32 - - [19/Jun/2021:04:05:53 +0000] "GET /images/jordan-80.png HTTP/1.1" 200 6146 "http://www.semicomplete.com/projects/xdotool/" "Mozilla/5.0 (X11; Linux x86_64) AppleWebKit/537.36 (KHTML, like Gecko) Chrome/32.0.1700.107 Safari/537.36"
106.187.34.32 - - [19/Jun/2021:04:05:56 +0000] "GET /images/web/2009/banner.png HTTP/1.1" 200 52315 "http://www.semicomplete.com/projects/xdotool/" "Mozilla/5.0 (X11; Linux x86_64) AppleWebKit/537.36 (KHTML, like Gecko) Chrome/32.0.1700.107 Safari/537.36"
188.205.61.177 - - [19/Jun/2021:04:05:59 +0000] "GET /projects/xdotool/ HTTP/1.1" 200 12292 "https://www.google.nl/" "Mozilla/5.0 (Windows NT 6.2; WOW64) AppleWebKit/537.36 (KHTML, like Gecko) Chrome/32.0.1700.107 Safari/537.36"
188.205.61.177 - - [19/Jun/2021:04:05:26 +0000] "GET /reset.css HTTP/1.1" 200 1015 "http://www.semicomplete.com/projects/xdotool/" "Mozilla/5.0 (Windows NT 6.2; WOW64) AppleWebKit/537.36 (KHTML, like Gecko) Chrome/32.0.1700.107 Safari/537.36"
188.205.61.177 - - [19/Jun/2021:04:05:36 +0000] "GET /style2.css HTTP/1.1" 200 4877 "http://www.semicomplete.com/projects/xdotool/" "Mozilla/5.0 (Windows NT 6.2; WOW64) AppleWebKit/537.36 (KHTML, like Gecko) Chrome/32.0.1700.107 Safari/537.36"
188.205.61.177 - - [19/Jun/2021:04:05:22 +0000] "GET /images/jordan-80.png HTTP/1.1" 200 6146 "http://www.semicomplete.com/projects/xdotool/" "Mozilla/5.0 (Windows NT 6.2; WOW64) AppleWebKit/537.36 (KHTML, like Gecko) Chrome/32.0.1700.107 Safari/537.36"
188.205.61.177 - - [19/Jun/2021:04:05:27 +0000] "GET /images/web/2009/banner.png HTTP/1.1" 200 52315 "http://www.semicomplete.com/projects/xdotool/" "Mozilla/5.0 (Windows NT 6.2; WOW64) AppleWebKit/537.36 (KHTML, like Gecko) Chrome/32.0.1700.107 Safari/537.36"
188.205.61.177 - - [19/Jun/2021:04:05:56 +0000] "GET /favicon.ico HTTP/1.1" 200 3638 "-" "Mozilla/5.0 (Windows NT 6.2; WOW64) AppleWebKit/537.36 (KHTML, like Gecko) Chrome/32.0.1700.107 Safari/537.36"
193.105.0.2 - - [19/Jun/2021:04:05:19 +0000] "GET /presentations/logstash-scale11x/images/logstash.png HTTP/1.1" 200 47731 "http://kufli.blogspot.de/2013/07/log-analysis-using-logstash.html" "Mozilla/5.0 (Windows NT 6.1; WOW64; rv:27.0) Gecko/20100101 Firefox/27.0"
95.128.40.244 - - [19/Jun/2021:04:05:09 +0000] "GET /projects/xdotool/ HTTP/1.1" 200 12292 "-" "Mozilla/5.0 (X11; Linux x86_64) AppleWebKit/537.36 (KHTML, like Gecko) Chrome/32.0.1700.107 Safari/537.36"
50.16.19.13 - - [19/Jun/2021:04:05:38 +0000] "GET /blog/tags/puppet?flav=rss20 HTTP/1.1" 200 14872 "http://www.semicomplete.com/blog/tags/puppet?flav=rss20" "Tiny Tiny RSS/1.11 (http://tt-rss.org/)"
74.125.40.23 - - [19/Jun/2021:04:05:48 +0000] "GET /?flav=rss20 HTTP/1.1" 200 29941 "-" "FeedBurner/1.0 (http://www.FeedBurner.com)"
198.46.149.143 - - [19/Jun/2021:04:05:58 +0000] "GET /blog/geekery/disabling-battery-in-ubuntu-vms.html?utm_source=feedburner&utm_medium=feed&utm_campaign=Feed%3A+semicomplete%2Fmain+%28semicomplete.com+-+Jordan+Sissel%29 HTTP/1.1" 200 9316 "-" "Tiny Tiny RSS/1.11 (http://tt-rss.org/)"
198.46.149.143 - - [19/Jun/2021:04:05:37 +0000] "GET /blog/geekery/solving-good-or-bad-problems.html?utm_source=feedburner&utm_medium=feed&utm_campaign=Feed%3A+semicomplete%2Fmain+%28semicomplete.com+-+Jordan+Sissel%29 HTTP/1.1" 200 10756 "-" "Tiny Tiny RSS/1.11 (http://tt-rss.org/)"
66.249.73.135 - - [19/Jun/2021:04:05:43 +0000] "GET /misc/homework4.tex HTTP/1.1" 304 - "-" "Mozilla/5.0 (iPhone; CPU iPhone OS 6_0 like Mac OS X) AppleWebKit/536.26 (KHTML, like Gecko) Version/6.0 Mobile/10A5376e Safari/8536.25 (compatible; Googlebot/2.1; +http://www.google.com/bot.html)"
97.74.24.112 - - [19/Jun/2021:04:05:19 +0000] "GET /presentations/logstash-puppetconf-2012/images/kibana-logstash-downloads.png HTTP/1.1" 200 95058 "-" "Mozilla/4.0 (compatible; MSIE 6.0; Windows NT 5.2; SV1; .NET CLR 2.0.50727; InfoPath.1)"
121.244.49.42 - - [19/Jun/2021:04:05:36 +0000] "GET /blog/geekery/debugging-java-performance.html HTTP/1.1" 200 15796 "-" "Mozilla/5.0 (X11; Linux x86_64) AppleWebKit/537.36 (KHTML, like Gecko) Chrome/28.0.1500.95 Safari/537.36"
68.180.224.225 - - [19/Jun/2021:04:05:00 +0000] "GET /misc/client.java HTTP/1.1" 200 692 "-" "Mozilla/5.0 (compatible; Yahoo! Slurp; http://help.yahoo.com/help/us/ysearch/slurp)"
123.63.97.14 - - [19/Jun/2021:04:05:57 +0000] "GET /images/googledotcom.png HTTP/1.1" 200 65748 "https://www.google.co.in/" "Mozilla/5.0 (Linux; Android 4.1.2; GT-I8262 Build/JZO54K) AppleWebKit/537.36 (KHTML, like Gecko) Chrome/32.0.1700.99 Mobile Safari/537.36"
74.208.16.115 - - [19/Jun/2021:04:05:49 +0000] "GET /blog/wp-admin/ HTTP/1.1" 404 7861 "-" "-"
46.190.80.53 - - [19/Jun/2021:04:05:25 +0000] "GET /projects/xdotool/ HTTP/1.0" 200 12292 "-" "Lynx/2.8.7rel.2 libwww-FM/2.14 SSL-MM/1.4.1 OpenSSL/1.0.1f"
46.105.14.53 - - [19/Jun/2021:04:05:46 +0000] "GET /blog/tags/puppet?flav=rss20 HTTP/1.1" 200 14872 "-" "UniversalFeedParser/4.2-pre-314-svn +http://feedparser.org/"
59.167.142.22 - - [19/Jun/2021:04:05:25 +0000] "GET /blog/geekery/puppet-nodeless-configuration HTTP/1.1" 200 10301 "http://www.google.com/url?q=http%3A%2F%2Fwww.semicomplete.com%2Fblog%2Fgeekery%2Fpuppet-nodeless-configuration&sa=D&sntz=1&usg=AFQjCNGgwd3fe1S5l1QO4JL2QXkdKP66Qw" "Mozilla/5.0 (Windows NT 6.2; WOW64) AppleWebKit/537.36 (KHTML, like Gecko) Chrome/32.0.1700.107 Safari/537.36"
220.244.10.116 - - [19/Jun/2021:04:05:29 +0000] "GET /projects/xdotool/ HTTP/1.1" 200 12292 "http://unix.stackexchange.com/questions/14879/how-to-inject-keystrokes-via-a-shell-script" "Mozilla/5.0 (Windows NT 5.1) AppleWebKit/537.36 (KHTML, like Gecko) Chrome/32.0.1700.107 Safari/537.36"
220.244.10.116 - - [19/Jun/2021:04:05:17 +0000] "GET /reset.css HTTP/1.1" 200 1015 "http://www.semicomplete.com/projects/xdotool/" "Mozilla/5.0 (Windows NT 5.1) AppleWebKit/537.36 (KHTML, like Gecko) Chrome/32.0.1700.107 Safari/537.36"
220.244.10.116 - - [19/Jun/2021:04:05:53 +0000] "GET /style2.css HTTP/1.1" 200 4877 "http://www.semicomplete.com/projects/xdotool/" "Mozilla/5.0 (Windows NT 5.1) AppleWebKit/537.36 (KHTML, like Gecko) Chrome/32.0.1700.107 Safari/537.36"
220.244.10.116 - - [19/Jun/2021:04:05:11 +0000] "GET /images/jordan-80.png HTTP/1.1" 200 6146 "http://www.semicomplete.com/projects/xdotool/" "Mozilla/5.0 (Windows NT 5.1) AppleWebKit/537.36 (KHTML, like Gecko) Chrome/32.0.1700.107 Safari/537.36"
220.244.10.116 - - [19/Jun/2021:04:05:28 +0000] "GET /images/web/2009/banner.png HTTP/1.1" 200 52315 "http://www.semicomplete.com/projects/xdotool/" "Mozilla/5.0 (Windows NT 5.1) AppleWebKit/537.36 (KHTML, like Gecko) Chrome/32.0.1700.107 Safari/537.36"
220.244.10.116 - - [19/Jun/2021:04:05:39 +0000] "GET /favicon.ico HTTP/1.1" 200 3638 "-" "Mozilla/5.0 (Windows NT 5.1) AppleWebKit/537.36 (KHTML, like Gecko) Chrome/32.0.1700.107 Safari/537.36"
178.255.215.71 - - [19/Jun/2021:04:05:05 +0000] "GET /blog/geekery/pam_captcha-1.2.html HTTP/1.1" 200 8413 "-" "Mozilla/5.0 (compatible; Exabot/3.0; +http://www.exabot.com/go/robot)"
208.91.156.11 - - [19/Jun/2021:04:05:20 +0000] "GET /files/logstash/logstash-1.3.2-monolithic.jar HTTP/1.1" 404 324 "-" "Chef Client/10.18.2 (ruby-1.9.3-p327; ohai-6.16.0; x86_64-linux; +http://opscode.com)"
209.148.84.30 - - [19/Jun/2021:04:05:10 +0000] "GET /blog/projects HTTP/1.0" 200 54683 "http://www.semicomplete.com/" "Mozilla/5.0 (Macintosh; Intel Mac OS X 10.7; rv:22.0) Gecko/20100101 Firefox/22.0"
178.152.18.59 - - [19/Jun/2021:04:05:09 +0000] "GET /articles/dynamic-dns-with-dhcp/ HTTP/1.1" 200 18848 "https://www.google.com/" "Mozilla/5.0 (Windows NT 6.1; WOW64) AppleWebKit/537.36 (KHTML, like Gecko) Chrome/32.0.1700.107 Safari/537.36"
178.152.18.59 - - [19/Jun/2021:04:05:08 +0000] "GET /reset.css HTTP/1.1" 200 1015 "http://www.semicomplete.com/articles/dynamic-dns-with-dhcp/" "Mozilla/5.0 (Windows NT 6.1; WOW64) AppleWebKit/537.36 (KHTML, like Gecko) Chrome/32.0.1700.107 Safari/537.36"
178.152.18.59 - - [19/Jun/2021:04:05:39 +0000] "GET /style2.css HTTP/1.1" 200 4877 "http://www.semicomplete.com/articles/dynamic-dns-with-dhcp/" "Mozilla/5.0 (Windows NT 6.1; WOW64) AppleWebKit/537.36 (KHTML, like Gecko) Chrome/32.0.1700.107 Safari/537.36"
178.152.18.59 - - [19/Jun/2021:04:05:00 +0000] "GET /images/jordan-80.png HTTP/1.1" 200 6146 "http://www.semicomplete.com/articles/dynamic-dns-with-dhcp/" "Mozilla/5.0 (Windows NT 6.1; WOW64) AppleWebKit/537.36 (KHTML, like Gecko) Chrome/32.0.1700.107 Safari/537.36"
178.152.18.59 - - [19/Jun/2021:04:05:55 +0000] "GET /images/web/2009/banner.png HTTP/1.1" 200 52315 "http://www.semicomplete.com/articles/dynamic-dns-with-dhcp/" "Mozilla/5.0 (Windows NT 6.1; WOW64) AppleWebKit/537.36 (KHTML, like Gecko) Chrome/32.0.1700.107 Safari/537.36"
178.152.18.59 - - [19/Jun/2021:04:05:42 +0000] "GET /favicon.ico HTTP/1.1" 200 3638 "-" "Mozilla/5.0 (Windows NT 6.1; WOW64) AppleWebKit/537.36 (KHTML, like Gecko) Chrome/32.0.1700.107 Safari/537.36"
66.249.73.135 - - [19/Jun/2021:04:05:56 +0000] "GET /misc/rcfiles/vim/vim/colors/gardener.vim HTTP/1.1" 304 - "-" "Mozilla/5.0 (compatible; Googlebot/2.1; +http://www.google.com/bot.html)"
194.254.139.66 - - [19/Jun/2021:04:05:16 +0000] "GET /favicon.ico HTTP/1.1" 200 3638 "-" "Mozilla/5.0 (X11; Ubuntu; Linux x86_64; rv:26.0) Gecko/20100101 Firefox/26.0"
66.249.73.135 - - [19/Jun/2021:04:05:00 +0000] "GET /blog/tags/projects?page=2 HTTP/1.1" 200 25522 "-" "Mozilla/5.0 (iPhone; CPU iPhone OS 6_0 like Mac OS X) AppleWebKit/536.26 (KHTML, like Gecko) Version/6.0 Mobile/10A5376e Safari/8536.25 (compatible; Googlebot/2.1; +http://www.google.com/bot.html)"
46.105.14.53 - - [19/Jun/2021:04:05:56 +0000] "GET /blog/tags/puppet?flav=rss20 HTTP/1.1" 200 14872 "-" "UniversalFeedParser/4.2-pre-314-svn +http://feedparser.org/"
115.77.7.145 - - [19/Jun/2021:04:05:14 +0000] "GET /articles/dynamic-dns-with-dhcp/ HTTP/1.1" 200 18848 "http://www.google.com.vn/url?sa=t&rct=j&q=&esrc=s&source=web&cd=2&ved=0CC4QFjAB&url=http%3A%2F%2Fwww.semicomplete.com%2Farticles%2Fdynamic-dns-with-dhcp%2F&ei=KMcBU93RLYa6iQeYuoG4BA&usg=AFQjCNEF1X4Rs52UYQyLiySTQxa97ozM4g&bvm=bv.61535280,d.aGc" "Mozilla/5.0 (Windows NT 6.1; WOW64; rv:27.0) Gecko/20100101 Firefox/27.0"
115.77.7.145 - - [19/Jun/2021:04:05:43 +0000] "GET /reset.css HTTP/1.1" 200 1015 "http://www.semicomplete.com/articles/dynamic-dns-with-dhcp/" "Mozilla/5.0 (Windows NT 6.1; WOW64; rv:27.0) Gecko/20100101 Firefox/27.0"
115.77.7.145 - - [19/Jun/2021:04:05:29 +0000] "GET /style2.css HTTP/1.1" 200 4877 "http://www.semicomplete.com/articles/dynamic-dns-with-dhcp/" "Mozilla/5.0 (Windows NT 6.1; WOW64; rv:27.0) Gecko/20100101 Firefox/27.0"
115.77.7.145 - - [19/Jun/2021:04:05:56 +0000] "GET /favicon.ico HTTP/1.1" 200 3638 "-" "Mozilla/5.0 (Windows NT 6.1; WOW64; rv:27.0) Gecko/20100101 Firefox/27.0"
115.77.7.145 - - [19/Jun/2021:04:05:36 +0000] "GET /images/jordan-80.png HTTP/1.1" 200 6146 "http://www.semicomplete.com/articles/dynamic-dns-with-dhcp/" "Mozilla/5.0 (Windows NT 6.1; WOW64; rv:27.0) Gecko/20100101 Firefox/27.0"
115.77.7.145 - - [19/Jun/2021:04:05:42 +0000] "GET /images/web/2009/banner.png HTTP/1.1" 200 52315 "http://www.semicomplete.com/style2.css" "Mozilla/5.0 (Windows NT 6.1; WOW64; rv:27.0) Gecko/20100101 Firefox/27.0"
115.77.7.145 - - [19/Jun/2021:04:05:28 +0000] "GET /articles/dynamic-dns-with-dhcp/ HTTP/1.1" 200 18848 "http://www.google.com.vn/url?sa=t&rct=j&q=&esrc=s&source=web&cd=2&ved=0CC4QFjAB&url=http%3A%2F%2Fwww.semicomplete.com%2Farticles%2Fdynamic-dns-with-dhcp%2F&ei=KMcBU93RLYa6iQeYuoG4BA&usg=AFQjCNEF1X4Rs52UYQyLiySTQxa97ozM4g&bvm=bv.61535280,d.aGc" "Mozilla/5.0 (Windows NT 6.1; WOW64; rv:27.0) Gecko/20100101 Firefox/27.0"
66.249.73.135 - - [19/Jun/2021:04:05:23 +0000] "GET /?flav=rss20 HTTP/1.1" 200 29941 "-" "Mozilla/5.0 (compatible; Googlebot/2.1; +http://www.google.com/bot.html)"
194.249.247.164 - - [19/Jun/2021:04:05:19 +0000] "GET /articles/dynamic-dns-with-dhcp/ HTTP/1.1" 200 18848 "http://www.google.com/url?sa=t&rct=j&q=&esrc=s&source=web&cd=5&cad=rja&ved=0CFQQFjAE&url=http%3A%2F%2Fwww.semicomplete.com%2Farticles%2Fdynamic-dns-with-dhcp%2F&ei=5asBU4ngCuuA7QbWxIDYBw&usg=AFQjCNEF1X4Rs52UYQyLiySTQxa97ozM4g&sig2=mSyNHHES5COiDpakgbFJ2w&bvm=bv.61535280,d.ZGU" "Mozilla/5.0 (Windows NT 6.1; WOW64; Trident/7.0; rv:11.0) like Gecko"
24.11.96.184 - - [19/Jun/2021:04:05:05 +0000] "GET /files/xdotool/docs/html/xdo__cmd_8h_source.html HTTP/1.1" 200 8472 "http://www.semicomplete.com/files/xdotool/docs/html/files.html" "Mozilla/5.0 (X11; Ubuntu; Linux x86_64; rv:26.0) Gecko/20100101 Firefox/26.0"
24.11.96.184 - - [19/Jun/2021:04:05:54 +0000] "GET /files/xdotool/docs/html/globals_func.html HTTP/1.1" 200 11859 "http://www.semicomplete.com/files/xdotool/docs/html/globals.html" "Mozilla/5.0 (X11; Ubuntu; Linux x86_64; rv:26.0) Gecko/20100101 Firefox/26.0"
82.80.23.217 - - [19/Jun/2021:04:05:56 +0000] "GET /favicon.ico HTTP/1.1" 200 3638 "-" "Mozilla/5.0 (Windows NT 6.1; WOW64; rv:27.0) Gecko/20100101 Firefox/27.0"
24.11.96.184 - - [19/Jun/2021:04:05:19 +0000] "GET /files/xdotool/docs/html/globals_type.html HTTP/1.1" 200 4156 "http://www.semicomplete.com/files/xdotool/docs/html/globals_func.html" "Mozilla/5.0 (X11; Ubuntu; Linux x86_64; rv:26.0) Gecko/20100101 Firefox/26.0"
24.11.96.184 - - [19/Jun/2021:04:05:29 +0000] "GET /files/xdotool/docs/html/structxdo__search.html HTTP/1.1" 200 13533 "http://www.semicomplete.com/files/xdotool/docs/html/annotated.html" "Mozilla/5.0 (X11; Ubuntu; Linux x86_64; rv:26.0) Gecko/20100101 Firefox/26.0"
213.252.7.178 - - [19/Jun/2021:04:05:25 +0000] "GET /blog/tags/deb HTTP/1.1" 200 11275 "https://www.google.de/" "Mozilla/5.0 (Macintosh; Intel Mac OS X 10_9_1) AppleWebKit/537.36 (KHTML, like Gecko) Chrome/32.0.1700.107 Safari/537.36"
213.252.7.178 - - [19/Jun/2021:04:05:40 +0000] "GET /reset.css HTTP/1.1" 200 1015 "http://www.semicomplete.com/blog/tags/deb" "Mozilla/5.0 (Macintosh; Intel Mac OS X 10_9_1) AppleWebKit/537.36 (KHTML, like Gecko) Chrome/32.0.1700.107 Safari/537.36"
213.252.7.178 - - [19/Jun/2021:04:05:29 +0000] "GET /style2.css HTTP/1.1" 200 4877 "http://www.semicomplete.com/blog/tags/deb" "Mozilla/5.0 (Macintosh; Intel Mac OS X 10_9_1) AppleWebKit/537.36 (KHTML, like Gecko) Chrome/32.0.1700.107 Safari/537.36"
213.252.7.178 - - [19/Jun/2021:04:05:42 +0000] "GET /images/jordan-80.png HTTP/1.1" 200 6146 "http://www.semicomplete.com/blog/tags/deb" "Mozilla/5.0 (Macintosh; Intel Mac OS X 10_9_1) AppleWebKit/537.36 (KHTML, like Gecko) Chrome/32.0.1700.107 Safari/537.36"
213.252.7.178 - - [19/Jun/2021:04:05:38 +0000] "GET /images/web/2009/banner.png HTTP/1.1" 200 52315 "http://www.semicomplete.com/blog/tags/deb" "Mozilla/5.0 (Macintosh; Intel Mac OS X 10_9_1) AppleWebKit/537.36 (KHTML, like Gecko) Chrome/32.0.1700.107 Safari/537.36"
24.11.96.184 - - [19/Jun/2021:04:05:33 +0000] "GET /files/xdotool/docs/html/structcontext.html HTTP/1.1" 200 7518 "http://www.semicomplete.com/files/xdotool/docs/html/annotated.html" "Mozilla/5.0 (X11; Ubuntu; Linux x86_64; rv:26.0) Gecko/20100101 Firefox/26.0"
183.91.14.219 - - [19/Jun/2021:04:05:26 +0000] "GET /wp-admin/ HTTP/1.1" 404 289 "-" "-"
180.76.5.119 - - [19/Jun/2021:04:05:18 +0000] "GET /robots.txt HTTP/1.1" 200 - "-" "Mozilla/5.0 (Windows NT 5.1; rv:6.0.2) Gecko/20100101 Firefox/6.0.2"
46.105.14.53 - - [19/Jun/2021:04:05:39 +0000] "GET /blog/tags/puppet?flav=rss20 HTTP/1.1" 200 14872 "-" "UniversalFeedParser/4.2-pre-314-svn +http://feedparser.org/"
207.45.249.135 - - [19/Jun/2021:04:05:42 +0000] "GET /blog/geekery/ssl-latency.html HTTP/1.1" 200 17147 "http://www.google.fr/url?sa=t&rct=j&q=&esrc=s&frm=1&source=web&cd=3&ved=0CEUQFjAC&url=http%3A%2F%2Fwww.semicomplete.com%2Fblog%2Fgeekery%2Fssl-latency.html&ei=c8gBU7vkGOmBywPsqYDIBg&usg=AFQjCNHw6zioJpizqX8Q0YpKKaF4zdCSEg&bvm=bv.61535280,d.bGQ" "Mozilla/4.0 (compatible; MSIE 8.0; Windows NT 6.1; WOW64; Trident/4.0; SLCC2; .NET CLR 2.0.50727; .NET CLR 3.5.30729; .NET CLR 3.0.30729; Media Center PC 6.0; .NET4.0C; .NET4.0E)"
207.45.249.135 - - [19/Jun/2021:04:05:09 +0000] "GET /reset.css HTTP/1.1" 200 1015 "http://www.semicomplete.com/blog/geekery/ssl-latency.html" "Mozilla/4.0 (compatible; MSIE 8.0; Windows NT 6.1; WOW64; Trident/4.0; SLCC2; .NET CLR 2.0.50727; .NET CLR 3.5.30729; .NET CLR 3.0.30729; Media Center PC 6.0; .NET4.0C; .NET4.0E)"
207.45.249.135 - - [19/Jun/2021:04:05:40 +0000] "GET /style2.css HTTP/1.1" 200 4877 "http://www.semicomplete.com/blog/geekery/ssl-latency.html" "Mozilla/4.0 (compatible; MSIE 8.0; Windows NT 6.1; WOW64; Trident/4.0; SLCC2; .NET CLR 2.0.50727; .NET CLR 3.5.30729; .NET CLR 3.0.30729; Media Center PC 6.0; .NET4.0C; .NET4.0E)"
207.45.249.135 - - [19/Jun/2021:04:05:07 +0000] "GET /images/jordan-80.png HTTP/1.1" 200 6146 "http://www.semicomplete.com/blog/geekery/ssl-latency.html" "Mozilla/4.0 (compatible; MSIE 8.0; Windows NT 6.1; WOW64; Trident/4.0; SLCC2; .NET CLR 2.0.50727; .NET CLR 3.5.30729; .NET CLR 3.0.30729; Media Center PC 6.0; .NET4.0C; .NET4.0E)"
207.45.249.135 - - [19/Jun/2021:04:05:09 +0000] "GET /images/web/2009/banner.png HTTP/1.1" 200 52315 "http://www.semicomplete.com/blog/geekery/ssl-latency.html" "Mozilla/4.0 (compatible; MSIE 8.0; Windows NT 6.1; WOW64; Trident/4.0; SLCC2; .NET CLR 2.0.50727; .NET CLR 3.5.30729; .NET CLR 3.0.30729; Media Center PC 6.0; .NET4.0C; .NET4.0E)"
66.249.73.185 - - [19/Jun/2021:04:05:12 +0000] "GET /presentations/puppet-at-loggly/puppet-at-loggly.pdf.html HTTP/1.1" 304 - "-" "Mozilla/5.0 (iPhone; CPU iPhone OS 6_0 like Mac OS X) AppleWebKit/536.26 (KHTML, like Gecko) Version/6.0 Mobile/10A5376e Safari/8536.25 (compatible; Googlebot/2.1; +http://www.google.com/bot.html)"
108.174.55.234 - - [19/Jun/2021:04:05:56 +0000] "GET /?flav=rss20 HTTP/1.1" 200 29941 "-" "-"
218.28.225.87 - - [19/Jun/2021:04:05:20 +0000] "GET /favicon.ico HTTP/1.1" 200 3638 "-" "Mozilla/5.0 (Windows NT 5.1) AppleWebKit/537.36 (KHTML, like Gecko) Chrome/28.0.1500.95 Safari/537.36 SE 2.X MetaSr 1.0"
209.17.114.78 - - [19/Jun/2021:04:05:53 +0000] "GET /presentations/logstash-puppetconf-2012/images/apache-negative-duration.png HTTP/1.1" 200 97173 "-" "Mozilla/4.0 (compatible; MSIE 6.0; Windows NT 5.2; SV1; .NET CLR 2.0.50727; InfoPath.1)"
24.11.96.184 - - [19/Jun/2021:04:05:30 +0000] "GET /files/xdotool/docs/html/structxdo.html HTTP/1.1" 200 9938 "http://www.semicomplete.com/files/xdotool/docs/html/annotated.html" "Mozilla/5.0 (X11; Ubuntu; Linux x86_64; rv:26.0) Gecko/20100101 Firefox/26.0"
50.16.19.13 - - [19/Jun/2021:04:05:51 +0000] "GET /blog/tags/puppet?flav=rss20 HTTP/1.1" 200 14872 "http://www.semicomplete.com/blog/tags/puppet?flav=rss20" "Tiny Tiny RSS/1.11 (http://tt-rss.org/)"
74.125.176.149 - - [19/Jun/2021:04:05:09 +0000] "GET /?flav=rss20 HTTP/1.1" 200 29941 "-" "FeedBurner/1.0 (http://www.FeedBurner.com)"
100.2.4.116 - - [19/Jun/2021:04:05:31 +0000] "GET /misc/sample.log HTTP/1.1" 200 54306753 "http://www.semicomplete.com/" "Mozilla/5.0 (Macintosh; Intel Mac OS X 10.7; rv:22.0) Gecko/20100101 Firefox/22.0"
100.2.4.116 - - [19/Jun/2021:04:05:22 +0000] "GET /blog/geekery/mounting-partitions-within-a-disk-image-in-linux.html HTTP/1.1" 200 9699 "http://www.semicomplete.com/" "Mozilla/5.0 (Macintosh; Intel Mac OS X 10.7; rv:22.0) Gecko/20100101 Firefox/22.0"
202.76.247.11 - - [19/Jun/2021:04:05:49 +0000] "GET /presentations/puppet-at-loggly/puppet-at-loggly.pdf.html HTTP/1.1" 200 24747 "-" "Mozilla/5.0 (Windows NT 6.1; WOW64; rv:16.0) Gecko/20100101 Firefox/16.0"
46.105.14.53 - - [19/Jun/2021:04:05:23 +0000] "GET /blog/tags/puppet?flav=rss20 HTTP/1.1" 200 14872 "-" "UniversalFeedParser/4.2-pre-314-svn +http://feedparser.org/"
128.141.154.221 - - [19/Jun/2021:04:05:24 +0000] "GET /presentations/logstash-monitorama-2013/images/kibana-search.png HTTP/1.1" 200 203023 "https://www.google.ch/" "Mozilla/5.0 (X11; Linux x86_64) AppleWebKit/537.36 (KHTML, like Gecko) Chrome/31.0.1650.63 Safari/537.36"
107.170.41.69 - - [19/Jun/2021:04:05:39 +0000] "GET /?flav=atom HTTP/1.1" 200 32352 "-" "Feedbin - 1 subscribers"
220.181.51.37 - - [19/Jun/2021:04:05:12 +0000] "GET /files/logstash/logstash-1.1.0-monolithic.jar HTTP/1.1" 200 40923996 "-" "Mozilla/5.0 (Windows NT 6.1; WOW64) AppleWebKit/536.11 (KHTML, like Gecko) Chrome/20.0.1132.57 Safari/536.11"
62.44.32.116 - - [19/Jun/2021:04:05:59 +0000] "GET /blog/geekery/ssl-latency.html HTTP/1.1" 200 17147 "https://www.google.de/" "Mozilla/5.0 (Windows NT 6.1; WOW64) AppleWebKit/537.36 (KHTML, like Gecko) Chrome/32.0.1700.107 Safari/537.36"
62.44.32.116 - - [19/Jun/2021:04:05:06 +0000] "GET /reset.css HTTP/1.1" 200 1015 "http://www.semicomplete.com/blog/geekery/ssl-latency.html" "Mozilla/5.0 (Windows NT 6.1; WOW64) AppleWebKit/537.36 (KHTML, like Gecko) Chrome/32.0.1700.107 Safari/537.36"
62.44.32.116 - - [19/Jun/2021:04:05:09 +0000] "GET /style2.css HTTP/1.1" 200 4877 "http://www.semicomplete.com/blog/geekery/ssl-latency.html" "Mozilla/5.0 (Windows NT 6.1; WOW64) AppleWebKit/537.36 (KHTML, like Gecko) Chrome/32.0.1700.107 Safari/537.36"
62.44.32.116 - - [19/Jun/2021:04:05:48 +0000] "GET /images/jordan-80.png HTTP/1.1" 200 6146 "http://www.semicomplete.com/blog/geekery/ssl-latency.html" "Mozilla/5.0 (Windows NT 6.1; WOW64) AppleWebKit/537.36 (KHTML, like Gecko) Chrome/32.0.1700.107 Safari/537.36"
62.44.32.116 - - [19/Jun/2021:04:05:50 +0000] "GET /images/web/2009/banner.png HTTP/1.1" 200 52315 "http://www.semicomplete.com/blog/geekery/ssl-latency.html" "Mozilla/5.0 (Windows NT 6.1; WOW64) AppleWebKit/537.36 (KHTML, like Gecko) Chrome/32.0.1700.107 Safari/537.36"
62.44.32.116 - - [19/Jun/2021:04:05:58 +0000] "GET /favicon.ico HTTP/1.1" 200 3638 "-" "Mozilla/5.0 (Windows NT 6.1; WOW64) AppleWebKit/537.36 (KHTML, like Gecko) Chrome/32.0.1700.107 Safari/537.36"
68.4.202.231 - - [19/Jun/2021:04:05:03 +0000] "GET /favicon.ico HTTP/1.1" 200 3638 "-" "Mozilla/5.0 (X11; Linux x86_64; rv:27.0) Gecko/20100101 Firefox/27.0"
98.130.2.118 - - [19/Jun/2021:04:05:55 +0000] "GET /wp/wp-admin/ HTTP/1.1" 404 292 "-" "-"
93.42.158.73 - - [19/Jun/2021:04:05:39 +0000] "GET /articles/ppp-over-ssh/ HTTP/1.1" 200 18586 "-" "Mozilla/5.0 (X11; Linux x86_64) AppleWebKit/537.36 (KHTML, like Gecko) Chrome/32.0.1700.107 Safari/537.36"
46.105.14.53 - - [19/Jun/2021:04:05:56 +0000] "GET /blog/tags/puppet?flav=rss20 HTTP/1.1" 200 14872 "-" "UniversalFeedParser/4.2-pre-314-svn +http://feedparser.org/"
49.50.247.181 - - [19/Jun/2021:04:05:58 +0000] "GET /presentations/logstash-scale11x/images/ahhh___rage_face_by_samusmmx-d5g5zap.png HTTP/1.1" 200 175208 "http://s-chassis.co.nz/viewtopic.php?f=16&t=9265&start=200" "Mozilla/5.0 (Windows NT 6.2; WOW64) AppleWebKit/537.36 (KHTML, like Gecko) Chrome/32.0.1700.107 Safari/537.36"
209.85.238.199 - - [19/Jun/2021:04:05:14 +0000] "GET /blog/tags/firefox?flav=rss20 HTTP/1.1" 200 16021 "-" "Feedfetcher-Google; (+http://www.google.com/feedfetcher.html; 3 subscribers; feed-id=14171215010336145331)"
208.93.0.48 - - [19/Jun/2021:04:05:57 +0000] "GET /?flav=atom HTTP/1.1" 200 32352 "-" "LiveJournal.com (webmaster@livejournal.com; for http://www.livejournal.com/users/semicomplete_rs/; 1 readers)"
192.3.183.199 - - [19/Jun/2021:04:05:00 +0000] "GET /presentations/logstash-1/ HTTP/1.0" 200 53270 "http://www.semicomplete.com/" "Mozilla/5.0 (Macintosh; Intel Mac OS X 10.7; rv:22.0) Gecko/20100101 Firefox/22.0"
192.3.183.199 - - [19/Jun/2021:04:05:35 +0000] "GET /presentations/logstash-1/ HTTP/1.0" 200 53270 "http://www.semicomplete.com/" "Mozilla/5.0 (Macintosh; Intel Mac OS X 10.7; rv:22.0) Gecko/20100101 Firefox/22.0"
66.249.73.135 - - [19/Jun/2021:04:05:05 +0000] "GET /blog/tags/firefox?flav=rss20 HTTP/1.1" 200 16021 "-" "Mozilla/5.0 (compatible; Googlebot/2.1; +http://www.google.com/bot.html)"
183.179.22.186 - - [19/Jun/2021:04:05:25 +0000] "GET /projects/xdotool/xdotool.xhtml HTTP/1.1" 200 50112 "-" "Mozilla/5.0 (X11; Linux i686; rv:26.0) Gecko/20100101 Firefox/26.0"
202.59.2.2 - - [19/Jun/2021:04:05:33 +0000] "GET /projects/keynav/ HTTP/1.1" 200 18985 "https://www.google.co.in/" "Mozilla/5.0 (Windows NT 6.1) AppleWebKit/537.36 (KHTML, like Gecko) Chrome/32.0.1700.107 Safari/537.36"
202.59.2.2 - - [19/Jun/2021:04:05:24 +0000] "GET /style2.css HTTP/1.1" 200 4877 "http://www.semicomplete.com/projects/keynav/" "Mozilla/5.0 (Windows NT 6.1) AppleWebKit/537.36 (KHTML, like Gecko) Chrome/32.0.1700.107 Safari/537.36"
202.59.2.2 - - [19/Jun/2021:05:05:15 +0000] "GET /images/jordan-80.png HTTP/1.1" 200 6146 "http://www.semicomplete.com/projects/keynav/" "Mozilla/5.0 (Windows NT 6.1) AppleWebKit/537.36 (KHTML, like Gecko) Chrome/32.0.1700.107 Safari/537.36"
202.59.2.2 - - [19/Jun/2021:05:05:59 +0000] "GET /projects/keynav/demo-thumb.png HTTP/1.1" 200 15141 "http://www.semicomplete.com/projects/keynav/" "Mozilla/5.0 (Windows NT 6.1) AppleWebKit/537.36 (KHTML, like Gecko) Chrome/32.0.1700.107 Safari/537.36"
202.59.2.2 - - [19/Jun/2021:05:05:35 +0000] "GET /reset.css HTTP/1.1" 200 1015 "http://www.semicomplete.com/projects/keynav/" "Mozilla/5.0 (Windows NT 6.1) AppleWebKit/537.36 (KHTML, like Gecko) Chrome/32.0.1700.107 Safari/537.36"
202.59.2.2 - - [19/Jun/2021:05:05:49 +0000] "GET /images/web/2009/banner.png HTTP/1.1" 200 52315 "http://www.semicomplete.com/projects/keynav/" "Mozilla/5.0 (Windows NT 6.1) AppleWebKit/537.36 (KHTML, like Gecko) Chrome/32.0.1700.107 Safari/537.36"
183.179.22.186 - - [19/Jun/2021:05:05:50 +0000] "GET /projects/xdotool HTTP/1.1" 301 339 "http://www.semicomplete.com/projects/xdotool/xdotool.xhtml" "Mozilla/5.0 (X11; Linux i686; rv:26.0) Gecko/20100101 Firefox/26.0"
183.179.22.186 - - [19/Jun/2021:05:05:21 +0000] "GET /projects/xdotool/ HTTP/1.1" 200 12292 "http://www.semicomplete.com/projects/xdotool/xdotool.xhtml" "Mozilla/5.0 (X11; Linux i686; rv:26.0) Gecko/20100101 Firefox/26.0"
202.59.2.2 - - [19/Jun/2021:05:05:30 +0000] "GET /favicon.ico HTTP/1.1" 200 3638 "-" "Mozilla/5.0 (Windows NT 6.1) AppleWebKit/537.36 (KHTML, like Gecko) Chrome/32.0.1700.107 Safari/537.36"
183.179.22.186 - - [19/Jun/2021:05:05:42 +0000] "GET /images/web/2009/banner.png HTTP/1.1" 200 52315 "http://www.semicomplete.com/style2.css" "Mozilla/5.0 (X11; Linux i686; rv:26.0) Gecko/20100101 Firefox/26.0"
183.179.22.186 - - [19/Jun/2021:05:05:18 +0000] "GET /files/xdotool/docs HTTP/1.1" 301 341 "http://www.semicomplete.com/projects/xdotool/" "Mozilla/5.0 (X11; Linux i686; rv:26.0) Gecko/20100101 Firefox/26.0"
183.179.22.186 - - [19/Jun/2021:05:05:33 +0000] "GET /files/xdotool/docs/ HTTP/1.1" 200 1328 "http://www.semicomplete.com/projects/xdotool/" "Mozilla/5.0 (X11; Linux i686; rv:26.0) Gecko/20100101 Firefox/26.0"
183.179.22.186 - - [19/Jun/2021:05:05:39 +0000] "GET /icons/blank.gif HTTP/1.1" 200 148 "http://www.semicomplete.com/files/xdotool/docs/" "Mozilla/5.0 (X11; Linux i686; rv:26.0) Gecko/20100101 Firefox/26.0"
183.179.22.186 - - [19/Jun/2021:05:05:44 +0000] "GET /icons/folder.gif HTTP/1.1" 200 225 "http://www.semicomplete.com/files/xdotool/docs/" "Mozilla/5.0 (X11; Linux i686; rv:26.0) Gecko/20100101 Firefox/26.0"
183.179.22.186 - - [19/Jun/2021:05:05:10 +0000] "GET /icons/back.gif HTTP/1.1" 200 216 "http://www.semicomplete.com/files/xdotool/docs/" "Mozilla/5.0 (X11; Linux i686; rv:26.0) Gecko/20100101 Firefox/26.0"
183.179.22.186 - - [19/Jun/2021:05:05:22 +0000] "GET /files/xdotool/docs/ HTTP/1.1" 200 1328 "http://www.semicomplete.com/projects/xdotool/" "Mozilla/5.0 (X11; Linux i686; rv:26.0) Gecko/20100101 Firefox/26.0"
183.179.22.186 - - [19/Jun/2021:05:05:39 +0000] "GET /files/xdotool/docs/html/ HTTP/1.1" 200 3870 "http://www.semicomplete.com/files/xdotool/docs/" "Mozilla/5.0 (X11; Linux i686; rv:26.0) Gecko/20100101 Firefox/26.0"
183.179.22.186 - - [19/Jun/2021:05:05:53 +0000] "GET /files/xdotool/docs/html/tabs.css HTTP/1.1" 200 1844 "http://www.semicomplete.com/files/xdotool/docs/html/" "Mozilla/5.0 (X11; Linux i686; rv:26.0) Gecko/20100101 Firefox/26.0"
183.179.22.186 - - [19/Jun/2021:05:05:06 +0000] "GET /files/xdotool/docs/html/search/search.css HTTP/1.1" 200 3843 "http://www.semicomplete.com/files/xdotool/docs/html/" "Mozilla/5.0 (X11; Linux i686; rv:26.0) Gecko/20100101 Firefox/26.0"
183.179.22.186 - - [19/Jun/2021:05:05:07 +0000] "GET /files/xdotool/docs/html/search/search.js HTTP/1.1" 200 21330 "http://www.semicomplete.com/files/xdotool/docs/html/" "Mozilla/5.0 (X11; Linux i686; rv:26.0) Gecko/20100101 Firefox/26.0"
183.179.22.186 - - [19/Jun/2021:05:05:06 +0000] "GET /files/xdotool/docs/html/doxygen.css HTTP/1.1" 200 7911 "http://www.semicomplete.com/files/xdotool/docs/html/" "Mozilla/5.0 (X11; Linux i686; rv:26.0) Gecko/20100101 Firefox/26.0"
183.179.22.186 - - [19/Jun/2021:05:05:37 +0000] "GET /files/xdotool/docs/html/search/search.png HTTP/1.1" 200 527 "http://www.semicomplete.com/files/xdotool/docs/html/" "Mozilla/5.0 (X11; Linux i686; rv:26.0) Gecko/20100101 Firefox/26.0"
183.179.22.186 - - [19/Jun/2021:05:05:03 +0000] "GET /files/xdotool/docs/html/search/close.png HTTP/1.1" 200 273 "http://www.semicomplete.com/files/xdotool/docs/html/" "Mozilla/5.0 (X11; Linux i686; rv:26.0) Gecko/20100101 Firefox/26.0"
183.179.22.186 - - [19/Jun/2021:05:05:38 +0000] "GET /files/xdotool/docs/html/doxygen.png HTTP/1.1" 200 1281 "http://www.semicomplete.com/files/xdotool/docs/html/" "Mozilla/5.0 (X11; Linux i686; rv:26.0) Gecko/20100101 Firefox/26.0"
183.179.22.186 - - [19/Jun/2021:05:05:45 +0000] "GET /files/xdotool/docs/html/tab_b.gif HTTP/1.1" 200 35 "http://www.semicomplete.com/files/xdotool/docs/html/tabs.css" "Mozilla/5.0 (X11; Linux i686; rv:26.0) Gecko/20100101 Firefox/26.0"
183.179.22.186 - - [19/Jun/2021:05:05:41 +0000] "GET /files/xdotool/docs/html/tab_r.gif HTTP/1.1" 200 2585 "http://www.semicomplete.com/files/xdotool/docs/html/tabs.css" "Mozilla/5.0 (X11; Linux i686; rv:26.0) Gecko/20100101 Firefox/26.0"
183.179.22.186 - - [19/Jun/2021:05:05:12 +0000] "GET /files/xdotool/docs/html/tab_l.gif HTTP/1.1" 200 706 "http://www.semicomplete.com/files/xdotool/docs/html/tabs.css" "Mozilla/5.0 (X11; Linux i686; rv:26.0) Gecko/20100101 Firefox/26.0"
183.179.22.186 - - [19/Jun/2021:05:05:07 +0000] "GET /files/xdotool/docs/html/xdo_8h.html HTTP/1.1" 200 145776 "http://www.semicomplete.com/files/xdotool/docs/html/" "Mozilla/5.0 (X11; Linux i686; rv:26.0) Gecko/20100101 Firefox/26.0"
103.9.43.132 - - [19/Jun/2021:05:05:00 +0000] "GET /presentations/logstash-scale11x/images/ahhh___rage_face_by_samusmmx-d5g5zap.png HTTP/1.1" 200 175208 "http://s-chassis.co.nz/viewtopic.php?f=16&t=9265&start=200" "Mozilla/5.0 (Macintosh; Intel Mac OS X 10_7_5) AppleWebKit/537.71 (KHTML, like Gecko) Version/6.1 Safari/537.71"
183.179.22.186 - - [19/Jun/2021:05:05:01 +0000] "GET /files/xdotool/docs/html/annotated.html HTTP/1.1" 200 5054 "http://www.semicomplete.com/files/xdotool/docs/html/" "Mozilla/5.0 (X11; Linux i686; rv:26.0) Gecko/20100101 Firefox/26.0"
183.179.22.186 - - [19/Jun/2021:05:05:50 +0000] "GET /files/xdotool/docs/html/structxdo.html HTTP/1.1" 200 9938 "http://www.semicomplete.com/files/xdotool/docs/html/annotated.html" "Mozilla/5.0 (X11; Linux i686; rv:26.0) Gecko/20100101 Firefox/26.0"
66.249.73.135 - - [19/Jun/2021:05:05:07 +0000] "GET /?page=5 HTTP/1.1" 200 35875 "-" "Mozilla/5.0 (iPhone; CPU iPhone OS 6_0 like Mac OS X) AppleWebKit/536.26 (KHTML, like Gecko) Version/6.0 Mobile/10A5376e Safari/8536.25 (compatible; Googlebot/2.1; +http://www.google.com/bot.html)"
183.179.22.186 - - [19/Jun/2021:05:05:10 +0000] "GET /files/xdotool/docs/html/files.html HTTP/1.1" 200 4465 "http://www.semicomplete.com/files/xdotool/docs/html/structxdo.html" "Mozilla/5.0 (X11; Linux i686; rv:26.0) Gecko/20100101 Firefox/26.0"
46.105.14.53 - - [19/Jun/2021:05:05:41 +0000] "GET /blog/tags/puppet?flav=rss20 HTTP/1.1" 200 14872 "-" "UniversalFeedParser/4.2-pre-314-svn +http://feedparser.org/"
216.152.249.242 - - [19/Jun/2021:05:05:08 +0000] "GET /blog/tags/xlib HTTP/1.1" 200 23353 "-" "Mozilla/4.0 (compatible; MSIE 6.0; Windows NT 5.1; SV1)"
216.152.249.242 - - [19/Jun/2021:05:05:03 +0000] "GET /projects/newpsm HTTP/1.1" 301 338 "-" "Mozilla/4.0 (compatible; MSIE 6.0; Windows NT 5.1; SV1)"
216.152.249.242 - - [19/Jun/2021:05:05:26 +0000] "GET /projects/newpsm/ HTTP/1.1" 200 19964 "-" "Mozilla/4.0 (compatible; MSIE 6.0; Windows NT 5.1; SV1)"
216.152.249.242 - - [19/Jun/2021:05:05:49 +0000] "GET /projects/xmlpresenter HTTP/1.1" 301 344 "-" "Mozilla/4.0 (compatible; MSIE 6.0; Windows NT 5.1; SV1)"
216.152.249.242 - - [19/Jun/2021:05:05:28 +0000] "GET /projects/xmlpresenter/ HTTP/1.1" 200 11628 "-" "Mozilla/4.0 (compatible; MSIE 6.0; Windows NT 5.1; SV1)"
216.152.249.242 - - [19/Jun/2021:05:05:27 +0000] "GET /about/ HTTP/1.1" 200 11474 "-" "Mozilla/4.0 (compatible; MSIE 6.0; Windows NT 5.1; SV1)"
216.152.249.242 - - [19/Jun/2021:05:05:17 +0000] "GET /blog/tags/xlib?page=2 HTTP/1.1" 200 24410 "-" "Mozilla/4.0 (compatible; MSIE 6.0; Windows NT 5.1; SV1)"
216.152.249.242 - - [19/Jun/2021:05:05:04 +0000] "GET / HTTP/1.1" 200 37932 "-" "Mozilla/4.0 (compatible; MSIE 6.0; Windows NT 5.1; SV1)"
183.179.22.186 - - [19/Jun/2021:05:05:14 +0000] "GET /files/xdotool/docs/ HTTP/1.1" 200 1328 "http://www.semicomplete.com/projects/xdotool/" "Mozilla/5.0 (X11; Linux i686; rv:26.0) Gecko/20100101 Firefox/26.0"
216.152.249.242 - - [19/Jun/2021:05:05:21 +0000] "GET /resume.xml HTTP/1.1" 200 25606 "-" "Mozilla/4.0 (compatible; MSIE 6.0; Windows NT 5.1; SV1)"
183.179.22.186 - - [19/Jun/2021:05:05:09 +0000] "GET /files/xdotool/docs/man/ HTTP/1.1" 200 959 "http://www.semicomplete.com/files/xdotool/docs/" "Mozilla/5.0 (X11; Linux i686; rv:26.0) Gecko/20100101 Firefox/26.0"
183.179.22.186 - - [19/Jun/2021:05:05:29 +0000] "GET /files/xdotool/docs/man/man3/ HTTP/1.1" 200 2216 "http://www.semicomplete.com/files/xdotool/docs/man/" "Mozilla/5.0 (X11; Linux i686; rv:26.0) Gecko/20100101 Firefox/26.0"
183.179.22.186 - - [19/Jun/2021:05:05:47 +0000] "GET /icons/unknown.gif HTTP/1.1" 200 245 "http://www.semicomplete.com/files/xdotool/docs/man/man3/" "Mozilla/5.0 (X11; Linux i686; rv:26.0) Gecko/20100101 Firefox/26.0"
216.152.249.242 - - [19/Jun/2021:05:05:38 +0000] "GET /articles HTTP/1.1" 301 331 "-" "Mozilla/4.0 (compatible; MSIE 6.0; Windows NT 5.1; SV1)"
183.179.22.186 - - [19/Jun/2021:05:05:34 +0000] "GET /files/xdotool/docs/man/ HTTP/1.1" 200 959 "http://www.semicomplete.com/files/xdotool/docs/man/man3/" "Mozilla/5.0 (X11; Linux i686; rv:26.0) Gecko/20100101 Firefox/26.0"
216.152.249.242 - - [19/Jun/2021:05:05:12 +0000] "GET /articles/ HTTP/1.1" 200 9981 "-" "Mozilla/4.0 (compatible; MSIE 6.0; Windows NT 5.1; SV1)"
216.152.249.242 - - [19/Jun/2021:05:05:29 +0000] "GET /articles/arp-security/ HTTP/1.1" 200 19735 "-" "Mozilla/4.0 (compatible; MSIE 6.0; Windows NT 5.1; SV1)"
183.179.22.186 - - [19/Jun/2021:05:05:56 +0000] "GET /files/xdotool/docs/ HTTP/1.1" 200 1328 "http://www.semicomplete.com/files/xdotool/docs/man/" "Mozilla/5.0 (X11; Linux i686; rv:26.0) Gecko/20100101 Firefox/26.0"
183.179.22.186 - - [19/Jun/2021:05:05:05 +0000] "GET /files/xdotool/ HTTP/1.1" 200 4903 "http://www.semicomplete.com/files/xdotool/docs/" "Mozilla/5.0 (X11; Linux i686; rv:26.0) Gecko/20100101 Firefox/26.0"
183.179.22.186 - - [19/Jun/2021:05:05:39 +0000] "GET /icons/text.gif HTTP/1.1" 200 229 "http://www.semicomplete.com/files/xdotool/" "Mozilla/5.0 (X11; Linux i686; rv:26.0) Gecko/20100101 Firefox/26.0"
183.179.22.186 - - [19/Jun/2021:05:05:15 +0000] "GET /icons/compressed.gif HTTP/1.1" 200 1038 "http://www.semicomplete.com/files/xdotool/" "Mozilla/5.0 (X11; Linux i686; rv:26.0) Gecko/20100101 Firefox/26.0"
216.152.249.242 - - [19/Jun/2021:05:05:36 +0000] "GET /articles/dynamic-dns-with-dhcp/ HTTP/1.1" 200 18848 "-" "Mozilla/4.0 (compatible; MSIE 6.0; Windows NT 5.1; SV1)"
216.152.249.242 - - [19/Jun/2021:05:05:15 +0000] "GET /articles/openldap-with-saslauthd/ HTTP/1.1" 200 12700 "-" "Mozilla/4.0 (compatible; MSIE 6.0; Windows NT 5.1; SV1)"
216.152.249.242 - - [19/Jun/2021:05:05:21 +0000] "GET /articles/ppp-over-ssh/ HTTP/1.1" 200 18586 "-" "Mozilla/4.0 (compatible; MSIE 6.0; Windows NT 5.1; SV1)"
216.152.249.242 - - [19/Jun/2021:05:05:11 +0000] "GET /articles/ssh-security/ HTTP/1.1" 200 16543 "-" "Mozilla/4.0 (compatible; MSIE 6.0; Windows NT 5.1; SV1)"
216.152.249.242 - - [19/Jun/2021:05:05:57 +0000] "GET /articles/week-of-unix-tools/ HTTP/1.1" 200 9313 "-" "Mozilla/4.0 (compatible; MSIE 6.0; Windows NT 5.1; SV1)"
216.152.249.242 - - [19/Jun/2021:05:05:46 +0000] "GET /blog/geekery/xdotool-20090710.html HTTP/1.1" 200 9489 "-" "Mozilla/4.0 (compatible; MSIE 6.0; Windows NT 5.1; SV1)"
216.152.249.242 - - [19/Jun/2021:05:05:26 +0000] "GET /blog/geekery/xdotool-20090612.html HTTP/1.1" 200 8474 "-" "Mozilla/4.0 (compatible; MSIE 6.0; Windows NT 5.1; SV1)"
216.152.249.242 - - [19/Jun/2021:05:05:22 +0000] "GET /blog/geekery/xdotool-20090609.html HTTP/1.1" 200 8890 "-" "Mozilla/4.0 (compatible; MSIE 6.0; Windows NT 5.1; SV1)"
216.152.249.242 - - [19/Jun/2021:05:05:08 +0000] "GET /blog/geekery/keynav-on-xinerama2.html HTTP/1.1" 200 9551 "-" "Mozilla/4.0 (compatible; MSIE 6.0; Windows NT 5.1; SV1)"
216.152.249.242 - - [19/Jun/2021:05:05:07 +0000] "GET /blog/tags/xinerama HTTP/1.1" 200 10488 "-" "Mozilla/4.0 (compatible; MSIE 6.0; Windows NT 5.1; SV1)"
216.152.249.242 - - [19/Jun/2021:05:05:59 +0000] "GET /blog/tags/x11 HTTP/1.1" 200 33820 "-" "Mozilla/4.0 (compatible; MSIE 6.0; Windows NT 5.1; SV1)"
92.163.85.51 - - [19/Jun/2021:05:05:26 +0000] "GET /blog/tags/jquery%20mobile HTTP/1.1" 200 9571 "https://www.google.fr/" "Mozilla/5.0 (Macintosh; Intel Mac OS X 10_9_1) AppleWebKit/537.36 (KHTML, like Gecko) Chrome/32.0.1700.107 Safari/537.36"
92.163.85.51 - - [19/Jun/2021:05:05:45 +0000] "GET /reset.css HTTP/1.1" 200 1015 "http://www.semicomplete.com/blog/tags/jquery%20mobile" "Mozilla/5.0 (Macintosh; Intel Mac OS X 10_9_1) AppleWebKit/537.36 (KHTML, like Gecko) Chrome/32.0.1700.107 Safari/537.36"
92.163.85.51 - - [19/Jun/2021:05:05:53 +0000] "GET /style2.css HTTP/1.1" 200 4877 "http://www.semicomplete.com/blog/tags/jquery%20mobile" "Mozilla/5.0 (Macintosh; Intel Mac OS X 10_9_1) AppleWebKit/537.36 (KHTML, like Gecko) Chrome/32.0.1700.107 Safari/537.36"
92.163.85.51 - - [19/Jun/2021:05:05:20 +0000] "GET /images/jordan-80.png HTTP/1.1" 200 6146 "http://www.semicomplete.com/blog/tags/jquery%20mobile" "Mozilla/5.0 (Macintosh; Intel Mac OS X 10_9_1) AppleWebKit/537.36 (KHTML, like Gecko) Chrome/32.0.1700.107 Safari/537.36"
92.163.85.51 - - [19/Jun/2021:05:05:11 +0000] "GET /images/web/2009/banner.png HTTP/1.1" 200 52315 "http://www.semicomplete.com/blog/tags/jquery%20mobile" "Mozilla/5.0 (Macintosh; Intel Mac OS X 10_9_1) AppleWebKit/537.36 (KHTML, like Gecko) Chrome/32.0.1700.107 Safari/537.36"
92.163.85.51 - - [19/Jun/2021:05:05:27 +0000] "GET /favicon.ico HTTP/1.1" 200 3638 "-" "Mozilla/5.0 (Macintosh; Intel Mac OS X 10_9_1) AppleWebKit/537.36 (KHTML, like Gecko) Chrome/32.0.1700.107 Safari/537.36"
216.152.249.242 - - [19/Jun/2021:05:05:43 +0000] "GET /blog/tags/projects HTTP/1.1" 200 28370 "-" "Mozilla/4.0 (compatible; MSIE 6.0; Windows NT 5.1; SV1)"
180.76.6.153 - - [19/Jun/2021:05:05:10 +0000] "GET /misc/rcfiles/ion3/look_wheat2.lua HTTP/1.1" 200 3179 "-" "Mozilla/5.0 (compatible; Baiduspider/2.0; +http://www.baidu.com/search/spider.html)"
188.165.58.197 - - [19/Jun/2021:05:05:26 +0000] "GET / HTTP/1.0" 200 37932 "http://www.semicomplete.com" "Mozilla/5.0 (Macintosh; Intel Mac OS X 10.7; rv:22.0) Gecko/20100101 Firefox/22.0"
217.12.215.94 - - [19/Jun/2021:05:05:15 +0000] "GET /presentations/logstash-scale11x/images/logstashbook.png HTTP/1.1" 200 54662 "http://semicomplete.com/" "Mozilla/5.0 (Macintosh; Intel Mac OS X 10_7_4) AppleWebKit/536.11 (KHTML, like Gecko) Chrome/20.0.1132.47 Safari/536.11"
66.249.73.135 - - [19/Jun/2021:05:05:49 +0000] "GET /blog/productivity/keynav-1.0.html HTTP/1.1" 200 8555 "-" "Mozilla/5.0 (iPhone; CPU iPhone OS 6_0 like Mac OS X) AppleWebKit/536.26 (KHTML, like Gecko) Version/6.0 Mobile/10A5376e Safari/8536.25 (compatible; Googlebot/2.1; +http://www.google.com/bot.html)"
209.85.238.199 - - [19/Jun/2021:05:05:43 +0000] "GET /test.xml HTTP/1.1" 200 1370 "-" "Feedfetcher-Google; (+http://www.google.com/feedfetcher.html; 1 subscribers; feed-id=11390274670024826467)"
37.220.7.250 - - [19/Jun/2021:05:05:03 +0000] "GET / HTTP/1.1" 200 37932 "http://www.semicomplete.com/" "Mozilla/5.0 (Macintosh; Intel Mac OS X 10.7; rv:22.0) Gecko/20100101 Firefox/22.0"
37.220.7.250 - - [19/Jun/2021:05:05:56 +0000] "GET /blog/geekery/installing-windows-8-consumer-preview.html HTTP/1.1" 200 8948 "http://www.semicomplete.com/" "Mozilla/5.0 (Macintosh; Intel Mac OS X 10.7; rv:22.0) Gecko/20100101 Firefox/22.0"
50.16.19.13 - - [19/Jun/2021:05:05:48 +0000] "GET /blog/tags/puppet?flav=rss20 HTTP/1.1" 200 14872 "http://www.semicomplete.com/blog/tags/puppet?flav=rss20" "Tiny Tiny RSS/1.11 (http://tt-rss.org/)"
46.105.14.53 - - [19/Jun/2021:05:05:15 +0000] "GET /blog/tags/puppet?flav=rss20 HTTP/1.1" 200 14872 "-" "UniversalFeedParser/4.2-pre-314-svn +http://feedparser.org/"
195.27.15.134 - - [19/Jun/2021:05:05:32 +0000] "GET /favicon.ico HTTP/1.1" 200 3638 "-" "Mozilla/5.0 (Windows NT 5.1; rv:27.0) Gecko/20100101 Firefox/27.0"
74.125.19.82 - - [19/Jun/2021:05:05:00 +0000] "GET /?flav=rss20 HTTP/1.1" 200 29941 "-" "FeedBurner/1.0 (http://www.FeedBurner.com)"
96.49.214.84 - - [19/Jun/2021:05:05:14 +0000] "GET /blog/geekery/ec2-reserved-vs-ondemand.html HTTP/1.1" 200 11834 "-" "Mozilla/5.0 (Windows NT 6.3; WOW64; rv:27.0) Gecko/20100101 Firefox/27.0"
96.49.214.84 - - [19/Jun/2021:05:05:38 +0000] "GET /reset.css HTTP/1.1" 200 1015 "http://www.semicomplete.com/blog/geekery/ec2-reserved-vs-ondemand.html" "Mozilla/5.0 (Windows NT 6.3; WOW64; rv:27.0) Gecko/20100101 Firefox/27.0"
96.49.214.84 - - [19/Jun/2021:05:05:27 +0000] "GET /style2.css HTTP/1.1" 200 4877 "http://www.semicomplete.com/blog/geekery/ec2-reserved-vs-ondemand.html" "Mozilla/5.0 (Windows NT 6.3; WOW64; rv:27.0) Gecko/20100101 Firefox/27.0"
96.49.214.84 - - [19/Jun/2021:05:05:02 +0000] "GET /favicon.ico HTTP/1.1" 200 3638 "-" "Mozilla/5.0 (Windows NT 6.3; WOW64; rv:27.0) Gecko/20100101 Firefox/27.0"
96.49.214.84 - - [19/Jun/2021:05:05:57 +0000] "GET /images/jordan-80.png HTTP/1.1" 200 6146 "http://www.semicomplete.com/blog/geekery/ec2-reserved-vs-ondemand.html" "Mozilla/5.0 (Windows NT 6.3; WOW64; rv:27.0) Gecko/20100101 Firefox/27.0"
96.49.214.84 - - [19/Jun/2021:05:05:20 +0000] "GET /images/ec2_m1large_cost.png HTTP/1.1" 200 36159 "http://www.semicomplete.com/blog/geekery/ec2-reserved-vs-ondemand.html" "Mozilla/5.0 (Windows NT 6.3; WOW64; rv:27.0) Gecko/20100101 Firefox/27.0"
96.49.214.84 - - [19/Jun/2021:05:05:15 +0000] "GET /images/web/2009/banner.png HTTP/1.1" 200 52315 "http://www.semicomplete.com/style2.css" "Mozilla/5.0 (Windows NT 6.3; WOW64; rv:27.0) Gecko/20100101 Firefox/27.0"
113.212.70.121 - - [19/Jun/2021:05:05:06 +0000] "GET /presentations/logstash-puppetconf-2012 HTTP/1.1" 301 353 "http://semicomplete.com/" "Mozilla/5.0 (Macintosh; Intel Mac OS X 10.7; rv:22.0) Gecko/20100101 Firefox/22.0"
113.212.70.121 - - [19/Jun/2021:05:05:25 +0000] "GET /presentations/logstash-puppetconf-2012/ HTTP/1.1" 200 37269 "http://semicomplete.com/" "Mozilla/5.0 (Macintosh; Intel Mac OS X 10.7; rv:22.0) Gecko/20100101 Firefox/22.0"
113.212.70.121 - - [19/Jun/2021:05:05:45 +0000] "GET /presentations/puppet-at-loggly/puppet-at-loggly.pdf.html HTTP/1.1" 200 24747 "http://semicomplete.com/" "Mozilla/5.0 (Macintosh; Intel Mac OS X 10.7; rv:22.0) Gecko/20100101 Firefox/22.0"
209.17.114.78 - - [19/Jun/2021:05:05:04 +0000] "GET /presentations/logstash-puppetconf-2012/images/kibana-logstash-downloads.png HTTP/1.1" 200 95058 "-" "Mozilla/4.0 (compatible; MSIE 6.0; Windows NT 5.2; SV1; .NET CLR 2.0.50727; InfoPath.1)"
66.249.73.135 - - [19/Jun/2021:05:05:58 +0000] "GET /articles/efficiency/ HTTP/1.1" 200 36398 "-" "Mozilla/5.0 (compatible; Googlebot/2.1; +http://www.google.com/bot.html)"
178.255.215.83 - - [19/Jun/2021:05:05:15 +0000] "GET /blog/2007/Jun/28 HTTP/1.1" 200 10865 "-" "Mozilla/5.0 (compatible; Exabot/3.0 (BiggerBetter); +http://www.exabot.com/go/robot)"
66.249.73.135 - - [19/Jun/2021:05:05:46 +0000] "GET /blog/geekery/84.html HTTP/1.1" 200 8552 "-" "Mozilla/5.0 (compatible; Googlebot/2.1; +http://www.google.com/bot.html)"
184.154.153.210 - - [19/Jun/2021:05:05:48 +0000] "GET / HTTP/1.0" 200 37932 "http://www.semicomplete.com/" "Mozilla/5.0 (Macintosh; Intel Mac OS X 10.7; rv:22.0) Gecko/20100101 Firefox/22.0"
